[2025-12-08T08:06:44.443+0000] {local_task_job_runner.py:123} INFO - ::group::Pre task execution logs
[2025-12-08T08:06:44.466+0000] {taskinstance.py:2603} INFO - Dependencies all met for dep_context=non-requeueable deps ti=<TaskInstance: shopverse_daily_pipeline.staging.load_products manual__2025-12-08T08:06:29.905722+00:00 [queued]>
[2025-12-08T08:06:44.478+0000] {taskinstance.py:2603} INFO - Dependencies all met for dep_context=requeueable deps ti=<TaskInstance: shopverse_daily_pipeline.staging.load_products manual__2025-12-08T08:06:29.905722+00:00 [queued]>
[2025-12-08T08:06:44.480+0000] {taskinstance.py:2856} INFO - Starting attempt 1 of 2
[2025-12-08T08:06:44.498+0000] {taskinstance.py:2879} INFO - Executing <Task(_PythonDecoratedOperator): staging.load_products> on 2025-12-08 08:06:29.905722+00:00
[2025-12-08T08:06:44.509+0000] {warnings.py:112} WARNING - /home/***/.local/lib/python3.12/site-packages/***/task/task_runner/standard_task_runner.py:70: DeprecationWarning: This process (pid=691) is multi-threaded, use of fork() may lead to deadlocks in the child.
  pid = os.fork()

[2025-12-08T08:06:44.511+0000] {standard_task_runner.py:104} INFO - Running: ['***', 'tasks', 'run', 'shopverse_daily_pipeline', 'staging.load_products', 'manual__2025-12-08T08:06:29.905722+00:00', '--job-id', '43', '--raw', '--subdir', 'DAGS_FOLDER/shopverse_daily_pipeline.py', '--cfg-path', '/tmp/tmp0qgwmwxu']
[2025-12-08T08:06:44.512+0000] {standard_task_runner.py:72} INFO - Started process 693 to run task
[2025-12-08T08:06:44.513+0000] {standard_task_runner.py:105} INFO - Job 43: Subtask staging.load_products
[2025-12-08T08:06:44.611+0000] {task_command.py:467} INFO - Running <TaskInstance: shopverse_daily_pipeline.staging.load_products manual__2025-12-08T08:06:29.905722+00:00 [running]> on host d293371eaa08
[2025-12-08T08:06:44.715+0000] {taskinstance.py:3122} INFO - Exporting env vars: AIRFLOW_CTX_DAG_OWNER='Vivek' AIRFLOW_CTX_DAG_ID='shopverse_daily_pipeline' AIRFLOW_CTX_TASK_ID='staging.load_products' AIRFLOW_CTX_EXECUTION_DATE='2025-12-08T08:06:29.905722+00:00' AIRFLOW_CTX_TRY_NUMBER='1' AIRFLOW_CTX_DAG_RUN_ID='manual__2025-12-08T08:06:29.905722+00:00'
[2025-12-08T08:06:44.717+0000] {logging_mixin.py:190} INFO - Task instance is in running state
[2025-12-08T08:06:44.718+0000] {logging_mixin.py:190} INFO -  Previous state of the Task instance: queued
[2025-12-08T08:06:44.719+0000] {logging_mixin.py:190} INFO - Current task name:staging.load_products state:running start_date:2025-12-08 08:06:44.467947+00:00
[2025-12-08T08:06:44.720+0000] {logging_mixin.py:190} INFO - Dag name:shopverse_daily_pipeline and current dag run status:running
[2025-12-08T08:06:44.721+0000] {taskinstance.py:731} INFO - ::endgroup::
[2025-12-08T08:06:44.735+0000] {base.py:84} INFO - Retrieving connection 'postgres_dwh'
[2025-12-08T08:06:44.742+0000] {sql.py:509} INFO - Running statement: TRUNCATE TABLE stg_products;, parameters: None
[2025-12-08T08:06:44.750+0000] {postgres.py:191} INFO - Running copy expert: COPY stg_products FROM STDIN WITH CSV HEADER;, filename: /opt/***/data/landing/products/products.csv
[2025-12-08T08:06:44.767+0000] {base.py:84} INFO - Retrieving connection 'postgres_dwh'
[2025-12-08T08:06:44.781+0000] {python.py:240} INFO - Done. Returned value was: None
[2025-12-08T08:06:44.796+0000] {taskinstance.py:340} INFO - ::group::Post task execution logs
[2025-12-08T08:06:44.798+0000] {taskinstance.py:352} INFO - Marking task as SUCCESS. dag_id=shopverse_daily_pipeline, task_id=staging.load_products, run_id=manual__2025-12-08T08:06:29.905722+00:00, execution_date=20251208T080629, start_date=20251208T080644, end_date=20251208T080644
[2025-12-08T08:06:44.811+0000] {logging_mixin.py:190} INFO - Task instance in success state
[2025-12-08T08:06:44.812+0000] {logging_mixin.py:190} INFO -  Previous state of the Task instance: running
[2025-12-08T08:06:44.813+0000] {logging_mixin.py:190} INFO - Dag name:shopverse_daily_pipeline queued_at:2025-12-08 08:06:29.980966+00:00
[2025-12-08T08:06:44.814+0000] {logging_mixin.py:190} INFO - Task hostname:d293371eaa08 operator:_PythonDecoratedOperator
[2025-12-08T08:06:44.851+0000] {local_task_job_runner.py:261} INFO - Task exited with return code 0
[2025-12-08T08:06:44.888+0000] {taskinstance.py:3891} INFO - 1 downstream tasks scheduled from follow-on schedule check
[2025-12-08T08:06:44.893+0000] {local_task_job_runner.py:240} INFO - ::endgroup::
