[2025-12-08T08:11:33.911+0000] {local_task_job_runner.py:123} INFO - ::group::Pre task execution logs
[2025-12-08T08:11:33.934+0000] {taskinstance.py:2603} INFO - Dependencies all met for dep_context=non-requeueable deps ti=<TaskInstance: shopverse_daily_pipeline.branch manual__2025-12-08T07:45:29.939128+00:00 [queued]>
[2025-12-08T08:11:33.945+0000] {taskinstance.py:2603} INFO - Dependencies all met for dep_context=requeueable deps ti=<TaskInstance: shopverse_daily_pipeline.branch manual__2025-12-08T07:45:29.939128+00:00 [queued]>
[2025-12-08T08:11:33.947+0000] {taskinstance.py:2856} INFO - Starting attempt 2 of 3
[2025-12-08T08:11:33.963+0000] {taskinstance.py:2879} INFO - Executing <Task(_BranchPythonDecoratedOperator): branch> on 2025-12-08 07:45:29.939128+00:00
[2025-12-08T08:11:33.971+0000] {warnings.py:112} WARNING - /home/***/.local/lib/python3.12/site-packages/***/task/task_runner/standard_task_runner.py:70: DeprecationWarning: This process (pid=778) is multi-threaded, use of fork() may lead to deadlocks in the child.
  pid = os.fork()

[2025-12-08T08:11:33.974+0000] {standard_task_runner.py:72} INFO - Started process 780 to run task
[2025-12-08T08:11:33.975+0000] {standard_task_runner.py:104} INFO - Running: ['***', 'tasks', 'run', 'shopverse_daily_pipeline', 'branch', 'manual__2025-12-08T07:45:29.939128+00:00', '--job-id', '51', '--raw', '--subdir', 'DAGS_FOLDER/shopverse_daily_pipeline.py', '--cfg-path', '/tmp/tmpd6siimvf']
[2025-12-08T08:11:33.977+0000] {standard_task_runner.py:105} INFO - Job 51: Subtask branch
[2025-12-08T08:11:34.065+0000] {task_command.py:467} INFO - Running <TaskInstance: shopverse_daily_pipeline.branch manual__2025-12-08T07:45:29.939128+00:00 [running]> on host d293371eaa08
[2025-12-08T08:11:34.178+0000] {taskinstance.py:3122} INFO - Exporting env vars: AIRFLOW_CTX_DAG_OWNER='Vivek' AIRFLOW_CTX_DAG_ID='shopverse_daily_pipeline' AIRFLOW_CTX_TASK_ID='branch' AIRFLOW_CTX_EXECUTION_DATE='2025-12-08T07:45:29.939128+00:00' AIRFLOW_CTX_TRY_NUMBER='2' AIRFLOW_CTX_DAG_RUN_ID='manual__2025-12-08T07:45:29.939128+00:00'
[2025-12-08T08:11:34.181+0000] {logging_mixin.py:190} INFO - Task instance is in running state
[2025-12-08T08:11:34.182+0000] {logging_mixin.py:190} INFO -  Previous state of the Task instance: queued
[2025-12-08T08:11:34.183+0000] {logging_mixin.py:190} INFO - Current task name:branch state:running start_date:2025-12-08 08:11:33.935858+00:00
[2025-12-08T08:11:34.184+0000] {logging_mixin.py:190} INFO - Dag name:shopverse_daily_pipeline and current dag run status:running
[2025-12-08T08:11:34.185+0000] {taskinstance.py:731} INFO - ::endgroup::
[2025-12-08T08:11:34.187+0000] {python.py:240} INFO - Done. Returned value was: warn_low_volume
[2025-12-08T08:11:34.188+0000] {branch.py:38} INFO - Branch into warn_low_volume
[2025-12-08T08:11:34.190+0000] {skipmixin.py:230} INFO - Following branch ('warn_low_volume',)
[2025-12-08T08:11:34.208+0000] {skipmixin.py:278} INFO - Skipping tasks [('normal_completion', -1)]
[2025-12-08T08:11:34.250+0000] {taskinstance.py:340} INFO - ::group::Post task execution logs
[2025-12-08T08:11:34.251+0000] {taskinstance.py:352} INFO - Marking task as SUCCESS. dag_id=shopverse_daily_pipeline, task_id=branch, run_id=manual__2025-12-08T07:45:29.939128+00:00, execution_date=20251208T074529, start_date=20251208T081133, end_date=20251208T081134
[2025-12-08T08:11:34.267+0000] {logging_mixin.py:190} INFO - Task instance in success state
[2025-12-08T08:11:34.268+0000] {logging_mixin.py:190} INFO -  Previous state of the Task instance: running
[2025-12-08T08:11:34.269+0000] {logging_mixin.py:190} INFO - Dag name:shopverse_daily_pipeline queued_at:2025-12-08 07:45:29.993968+00:00
[2025-12-08T08:11:34.270+0000] {logging_mixin.py:190} INFO - Task hostname:d293371eaa08 operator:_BranchPythonDecoratedOperator
[2025-12-08T08:11:34.313+0000] {local_task_job_runner.py:261} INFO - Task exited with return code 0
[2025-12-08T08:11:34.351+0000] {taskinstance.py:3891} INFO - 0 downstream tasks scheduled from follow-on schedule check
[2025-12-08T08:11:34.358+0000] {local_task_job_runner.py:240} INFO - ::endgroup::
