[2025-12-08T08:11:31.624+0000] {local_task_job_runner.py:123} INFO - ::group::Pre task execution logs
[2025-12-08T08:11:31.644+0000] {taskinstance.py:2603} INFO - Dependencies all met for dep_context=non-requeueable deps ti=<TaskInstance: shopverse_daily_pipeline.dq_checks manual__2025-12-08T07:45:29.939128+00:00 [queued]>
[2025-12-08T08:11:31.655+0000] {taskinstance.py:2603} INFO - Dependencies all met for dep_context=requeueable deps ti=<TaskInstance: shopverse_daily_pipeline.dq_checks manual__2025-12-08T07:45:29.939128+00:00 [queued]>
[2025-12-08T08:11:31.657+0000] {taskinstance.py:2856} INFO - Starting attempt 7 of 7
[2025-12-08T08:11:31.671+0000] {taskinstance.py:2879} INFO - Executing <Task(_PythonDecoratedOperator): dq_checks> on 2025-12-08 07:45:29.939128+00:00
[2025-12-08T08:11:31.683+0000] {warnings.py:112} WARNING - /home/***/.local/lib/python3.12/site-packages/***/task/task_runner/standard_task_runner.py:70: DeprecationWarning: This process (pid=774) is multi-threaded, use of fork() may lead to deadlocks in the child.
  pid = os.fork()

[2025-12-08T08:11:31.685+0000] {standard_task_runner.py:104} INFO - Running: ['***', 'tasks', 'run', 'shopverse_daily_pipeline', 'dq_checks', 'manual__2025-12-08T07:45:29.939128+00:00', '--job-id', '50', '--raw', '--subdir', 'DAGS_FOLDER/shopverse_daily_pipeline.py', '--cfg-path', '/tmp/tmpeurk8ot9']
[2025-12-08T08:11:31.686+0000] {standard_task_runner.py:72} INFO - Started process 776 to run task
[2025-12-08T08:11:31.687+0000] {standard_task_runner.py:105} INFO - Job 50: Subtask dq_checks
[2025-12-08T08:11:31.775+0000] {task_command.py:467} INFO - Running <TaskInstance: shopverse_daily_pipeline.dq_checks manual__2025-12-08T07:45:29.939128+00:00 [running]> on host d293371eaa08
[2025-12-08T08:11:31.865+0000] {taskinstance.py:3122} INFO - Exporting env vars: AIRFLOW_CTX_DAG_OWNER='Vivek' AIRFLOW_CTX_DAG_ID='shopverse_daily_pipeline' AIRFLOW_CTX_TASK_ID='dq_checks' AIRFLOW_CTX_EXECUTION_DATE='2025-12-08T07:45:29.939128+00:00' AIRFLOW_CTX_TRY_NUMBER='7' AIRFLOW_CTX_DAG_RUN_ID='manual__2025-12-08T07:45:29.939128+00:00'
[2025-12-08T08:11:31.867+0000] {logging_mixin.py:190} INFO - Task instance is in running state
[2025-12-08T08:11:31.868+0000] {logging_mixin.py:190} INFO -  Previous state of the Task instance: queued
[2025-12-08T08:11:31.869+0000] {logging_mixin.py:190} INFO - Current task name:dq_checks state:running start_date:2025-12-08 08:11:31.646040+00:00
[2025-12-08T08:11:31.870+0000] {logging_mixin.py:190} INFO - Dag name:shopverse_daily_pipeline and current dag run status:running
[2025-12-08T08:11:31.871+0000] {taskinstance.py:731} INFO - ::endgroup::
[2025-12-08T08:11:31.883+0000] {base.py:84} INFO - Retrieving connection 'postgres_dwh'
[2025-12-08T08:11:31.889+0000] {sql.py:509} INFO - Running statement: SELECT COUNT(*) FROM dim_customers;, parameters: None
[2025-12-08T08:11:31.892+0000] {sql.py:518} INFO - Rows affected: 1
[2025-12-08T08:11:31.903+0000] {base.py:84} INFO - Retrieving connection 'postgres_dwh'
[2025-12-08T08:11:31.909+0000] {sql.py:509} INFO - Running statement: SELECT COUNT(*) FROM fact_orders;, parameters: None
[2025-12-08T08:11:31.911+0000] {sql.py:518} INFO - Rows affected: 1
[2025-12-08T08:11:31.913+0000] {python.py:240} INFO - Done. Returned value was: 1
[2025-12-08T08:11:31.944+0000] {taskinstance.py:340} INFO - ::group::Post task execution logs
[2025-12-08T08:11:31.945+0000] {taskinstance.py:352} INFO - Marking task as SUCCESS. dag_id=shopverse_daily_pipeline, task_id=dq_checks, run_id=manual__2025-12-08T07:45:29.939128+00:00, execution_date=20251208T074529, start_date=20251208T081131, end_date=20251208T081131
[2025-12-08T08:11:31.958+0000] {logging_mixin.py:190} INFO - Task instance in success state
[2025-12-08T08:11:31.959+0000] {logging_mixin.py:190} INFO -  Previous state of the Task instance: running
[2025-12-08T08:11:31.960+0000] {logging_mixin.py:190} INFO - Dag name:shopverse_daily_pipeline queued_at:2025-12-08 07:45:29.993968+00:00
[2025-12-08T08:11:31.961+0000] {logging_mixin.py:190} INFO - Task hostname:d293371eaa08 operator:_PythonDecoratedOperator
[2025-12-08T08:11:31.984+0000] {local_task_job_runner.py:261} INFO - Task exited with return code 0
[2025-12-08T08:11:32.016+0000] {taskinstance.py:3891} INFO - 1 downstream tasks scheduled from follow-on schedule check
[2025-12-08T08:11:32.021+0000] {local_task_job_runner.py:240} INFO - ::endgroup::
