[2025-12-08T07:27:57.950+0000] {local_task_job_runner.py:123} INFO - ::group::Pre task execution logs
[2025-12-08T07:27:58.017+0000] {taskinstance.py:2603} INFO - Dependencies all met for dep_context=non-requeueable deps ti=<TaskInstance: shopverse_daily_pipeline.wait_customers manual__2025-12-08T07:27:44.071897+00:00 [queued]>
[2025-12-08T07:27:58.045+0000] {taskinstance.py:2603} INFO - Dependencies all met for dep_context=requeueable deps ti=<TaskInstance: shopverse_daily_pipeline.wait_customers manual__2025-12-08T07:27:44.071897+00:00 [queued]>
[2025-12-08T07:27:58.049+0000] {taskinstance.py:2856} INFO - Starting attempt 1 of 2
[2025-12-08T07:27:58.098+0000] {taskinstance.py:2879} INFO - Executing <Task(FileSensor): wait_customers> on 2025-12-08 07:27:44.071897+00:00
[2025-12-08T07:27:58.128+0000] {warnings.py:112} WARNING - /home/***/.local/lib/python3.12/site-packages/***/task/task_runner/standard_task_runner.py:70: DeprecationWarning: This process (pid=89) is multi-threaded, use of fork() may lead to deadlocks in the child.
  pid = os.fork()

[2025-12-08T07:27:58.137+0000] {standard_task_runner.py:72} INFO - Started process 116 to run task
[2025-12-08T07:27:58.135+0000] {standard_task_runner.py:104} INFO - Running: ['***', 'tasks', 'run', 'shopverse_daily_pipeline', 'wait_customers', 'manual__2025-12-08T07:27:44.071897+00:00', '--job-id', '16', '--raw', '--subdir', 'DAGS_FOLDER/shopverse_daily_pipeline.py', '--cfg-path', '/tmp/tmpxfqkaqf1']
[2025-12-08T07:27:58.139+0000] {standard_task_runner.py:105} INFO - Job 16: Subtask wait_customers
[2025-12-08T07:27:58.412+0000] {task_command.py:467} INFO - Running <TaskInstance: shopverse_daily_pipeline.wait_customers manual__2025-12-08T07:27:44.071897+00:00 [running]> on host d293371eaa08
[2025-12-08T07:27:58.823+0000] {taskinstance.py:3122} INFO - Exporting env vars: AIRFLOW_CTX_DAG_OWNER='Vivek' AIRFLOW_CTX_DAG_ID='shopverse_daily_pipeline' AIRFLOW_CTX_TASK_ID='wait_customers' AIRFLOW_CTX_EXECUTION_DATE='2025-12-08T07:27:44.071897+00:00' AIRFLOW_CTX_TRY_NUMBER='1' AIRFLOW_CTX_DAG_RUN_ID='manual__2025-12-08T07:27:44.071897+00:00'
[2025-12-08T07:27:58.827+0000] {logging_mixin.py:190} INFO - Task instance is in running state
[2025-12-08T07:27:58.829+0000] {logging_mixin.py:190} INFO -  Previous state of the Task instance: queued
[2025-12-08T07:27:58.831+0000] {logging_mixin.py:190} INFO - Current task name:wait_customers state:running start_date:2025-12-08 07:27:58.018803+00:00
[2025-12-08T07:27:58.834+0000] {logging_mixin.py:190} INFO - Dag name:shopverse_daily_pipeline and current dag run status:running
[2025-12-08T07:27:58.838+0000] {taskinstance.py:731} INFO - ::endgroup::
[2025-12-08T07:27:58.842+0000] {baseoperator.py:405} WARNING - FileSensor.execute cannot be called outside TaskInstance!
[2025-12-08T07:27:58.880+0000] {base.py:84} INFO - Retrieving connection 'fs_default'
[2025-12-08T07:27:58.883+0000] {filesystem.py:109} INFO - Poking for file /opt/***/data/landing/customers/customers.csv
[2025-12-08T07:28:28.962+0000] {filesystem.py:109} INFO - Poking for file /opt/***/data/landing/customers/customers.csv
[2025-12-08T07:28:59.049+0000] {filesystem.py:109} INFO - Poking for file /opt/***/data/landing/customers/customers.csv
[2025-12-08T07:29:29.127+0000] {filesystem.py:109} INFO - Poking for file /opt/***/data/landing/customers/customers.csv
[2025-12-08T07:29:59.199+0000] {filesystem.py:109} INFO - Poking for file /opt/***/data/landing/customers/customers.csv
[2025-12-08T07:30:29.310+0000] {filesystem.py:109} INFO - Poking for file /opt/***/data/landing/customers/customers.csv
[2025-12-08T07:30:59.381+0000] {filesystem.py:109} INFO - Poking for file /opt/***/data/landing/customers/customers.csv
[2025-12-08T07:31:29.453+0000] {filesystem.py:109} INFO - Poking for file /opt/***/data/landing/customers/customers.csv
[2025-12-08T07:31:59.537+0000] {filesystem.py:109} INFO - Poking for file /opt/***/data/landing/customers/customers.csv
[2025-12-08T07:32:29.633+0000] {filesystem.py:109} INFO - Poking for file /opt/***/data/landing/customers/customers.csv
[2025-12-08T07:32:59.707+0000] {filesystem.py:109} INFO - Poking for file /opt/***/data/landing/customers/customers.csv
[2025-12-08T07:33:29.787+0000] {filesystem.py:109} INFO - Poking for file /opt/***/data/landing/customers/customers.csv
[2025-12-08T07:33:59.864+0000] {filesystem.py:109} INFO - Poking for file /opt/***/data/landing/customers/customers.csv
[2025-12-08T07:34:29.939+0000] {filesystem.py:109} INFO - Poking for file /opt/***/data/landing/customers/customers.csv
[2025-12-08T07:35:00.018+0000] {filesystem.py:109} INFO - Poking for file /opt/***/data/landing/customers/customers.csv
[2025-12-08T07:35:30.093+0000] {filesystem.py:109} INFO - Poking for file /opt/***/data/landing/customers/customers.csv
[2025-12-08T07:36:00.171+0000] {filesystem.py:109} INFO - Poking for file /opt/***/data/landing/customers/customers.csv
[2025-12-08T07:36:30.256+0000] {filesystem.py:109} INFO - Poking for file /opt/***/data/landing/customers/customers.csv
[2025-12-08T07:37:00.331+0000] {filesystem.py:109} INFO - Poking for file /opt/***/data/landing/customers/customers.csv
[2025-12-08T07:37:30.413+0000] {filesystem.py:109} INFO - Poking for file /opt/***/data/landing/customers/customers.csv
[2025-12-08T07:38:00.497+0000] {filesystem.py:109} INFO - Poking for file /opt/***/data/landing/customers/customers.csv
[2025-12-08T07:38:30.589+0000] {filesystem.py:109} INFO - Poking for file /opt/***/data/landing/customers/customers.csv
[2025-12-08T07:39:00.667+0000] {filesystem.py:109} INFO - Poking for file /opt/***/data/landing/customers/customers.csv
[2025-12-08T07:39:30.740+0000] {filesystem.py:109} INFO - Poking for file /opt/***/data/landing/customers/customers.csv
[2025-12-08T07:40:00.819+0000] {filesystem.py:109} INFO - Poking for file /opt/***/data/landing/customers/customers.csv
[2025-12-08T07:40:30.914+0000] {filesystem.py:109} INFO - Poking for file /opt/***/data/landing/customers/customers.csv
[2025-12-08T07:41:00.983+0000] {filesystem.py:109} INFO - Poking for file /opt/***/data/landing/customers/customers.csv
[2025-12-08T07:41:31.063+0000] {filesystem.py:109} INFO - Poking for file /opt/***/data/landing/customers/customers.csv
[2025-12-08T07:42:01.160+0000] {filesystem.py:109} INFO - Poking for file /opt/***/data/landing/customers/customers.csv
[2025-12-08T07:42:31.243+0000] {filesystem.py:109} INFO - Poking for file /opt/***/data/landing/customers/customers.csv
[2025-12-08T07:43:01.335+0000] {filesystem.py:109} INFO - Poking for file /opt/***/data/landing/customers/customers.csv
[2025-12-08T07:43:31.422+0000] {filesystem.py:109} INFO - Poking for file /opt/***/data/landing/customers/customers.csv
[2025-12-08T07:44:01.507+0000] {filesystem.py:109} INFO - Poking for file /opt/***/data/landing/customers/customers.csv
[2025-12-08T07:44:31.608+0000] {filesystem.py:109} INFO - Poking for file /opt/***/data/landing/customers/customers.csv
[2025-12-08T07:45:01.688+0000] {filesystem.py:109} INFO - Poking for file /opt/***/data/landing/customers/customers.csv
[2025-12-08T07:45:02.072+0000] {local_task_job_runner.py:341} WARNING - State of this instance has been externally set to failed. Terminating instance.
[2025-12-08T07:45:02.077+0000] {local_task_job_runner.py:240} INFO - ::endgroup::
[2025-12-08T07:45:02.081+0000] {process_utils.py:132} INFO - Sending 15 to group 116. PIDs of all processes in the group: [116]
[2025-12-08T07:45:02.082+0000] {process_utils.py:87} INFO - Sending the signal 15 to group 116
[2025-12-08T07:45:02.085+0000] {taskinstance.py:3083} ERROR - Received SIGTERM. Terminating subprocesses.
[2025-12-08T07:45:02.150+0000] {taskinstance.py:340} INFO - ::group::Post task execution logs
[2025-12-08T07:45:02.218+0000] {process_utils.py:80} INFO - Process psutil.Process(pid=116, status='terminated', exitcode=0, started='07:27:57') (116) terminated with exit code 0
