[2025-12-08T08:06:25.030+0000] {local_task_job_runner.py:123} INFO - ::group::Pre task execution logs
[2025-12-08T08:06:25.084+0000] {taskinstance.py:2603} INFO - Dependencies all met for dep_context=non-requeueable deps ti=<TaskInstance: shopverse_daily_pipeline.warehouse.dim_customers manual__2025-12-08T07:45:29.939128+00:00 [queued]>
[2025-12-08T08:06:25.106+0000] {taskinstance.py:2603} INFO - Dependencies all met for dep_context=requeueable deps ti=<TaskInstance: shopverse_daily_pipeline.warehouse.dim_customers manual__2025-12-08T07:45:29.939128+00:00 [queued]>
[2025-12-08T08:06:25.108+0000] {taskinstance.py:2856} INFO - Starting attempt 1 of 2
[2025-12-08T08:06:25.138+0000] {taskinstance.py:2879} INFO - Executing <Task(_PythonDecoratedOperator): warehouse.dim_customers> on 2025-12-08 07:45:29.939128+00:00
[2025-12-08T08:06:25.152+0000] {warnings.py:112} WARNING - /home/***/.local/lib/python3.12/site-packages/***/task/task_runner/standard_task_runner.py:70: DeprecationWarning: This process (pid=648) is multi-threaded, use of fork() may lead to deadlocks in the child.
  pid = os.fork()

[2025-12-08T08:06:25.155+0000] {standard_task_runner.py:72} INFO - Started process 652 to run task
[2025-12-08T08:06:25.158+0000] {standard_task_runner.py:104} INFO - Running: ['***', 'tasks', 'run', 'shopverse_daily_pipeline', 'warehouse.dim_customers', 'manual__2025-12-08T07:45:29.939128+00:00', '--job-id', '34', '--raw', '--subdir', 'DAGS_FOLDER/shopverse_daily_pipeline.py', '--cfg-path', '/tmp/tmptxa40_26']
[2025-12-08T08:06:25.162+0000] {standard_task_runner.py:105} INFO - Job 34: Subtask warehouse.dim_customers
[2025-12-08T08:06:25.309+0000] {task_command.py:467} INFO - Running <TaskInstance: shopverse_daily_pipeline.warehouse.dim_customers manual__2025-12-08T07:45:29.939128+00:00 [running]> on host d293371eaa08
[2025-12-08T08:06:25.496+0000] {taskinstance.py:3122} INFO - Exporting env vars: AIRFLOW_CTX_DAG_OWNER='Vivek' AIRFLOW_CTX_DAG_ID='shopverse_daily_pipeline' AIRFLOW_CTX_TASK_ID='warehouse.dim_customers' AIRFLOW_CTX_EXECUTION_DATE='2025-12-08T07:45:29.939128+00:00' AIRFLOW_CTX_TRY_NUMBER='1' AIRFLOW_CTX_DAG_RUN_ID='manual__2025-12-08T07:45:29.939128+00:00'
[2025-12-08T08:06:25.500+0000] {logging_mixin.py:190} INFO - Task instance is in running state
[2025-12-08T08:06:25.501+0000] {logging_mixin.py:190} INFO -  Previous state of the Task instance: queued
[2025-12-08T08:06:25.503+0000] {logging_mixin.py:190} INFO - Current task name:warehouse.dim_customers state:running start_date:2025-12-08 08:06:25.085831+00:00
[2025-12-08T08:06:25.505+0000] {logging_mixin.py:190} INFO - Dag name:shopverse_daily_pipeline and current dag run status:running
[2025-12-08T08:06:25.506+0000] {taskinstance.py:731} INFO - ::endgroup::
[2025-12-08T08:06:25.531+0000] {base.py:84} INFO - Retrieving connection 'postgres_dwh'
[2025-12-08T08:06:25.540+0000] {sql.py:509} INFO - Running statement: 
                INSERT INTO dim_customers
                SELECT DISTINCT *
                FROM stg_customers
                ON CONFLICT (customer_id) DO NOTHING;
            , parameters: None
[2025-12-08T08:06:25.562+0000] {sql.py:518} INFO - Rows affected: 2
[2025-12-08T08:06:25.566+0000] {python.py:240} INFO - Done. Returned value was: None
[2025-12-08T08:06:25.593+0000] {taskinstance.py:340} INFO - ::group::Post task execution logs
[2025-12-08T08:06:25.595+0000] {taskinstance.py:352} INFO - Marking task as SUCCESS. dag_id=shopverse_daily_pipeline, task_id=warehouse.dim_customers, run_id=manual__2025-12-08T07:45:29.939128+00:00, execution_date=20251208T074529, start_date=20251208T080625, end_date=20251208T080625
[2025-12-08T08:06:25.627+0000] {logging_mixin.py:190} INFO - Task instance in success state
[2025-12-08T08:06:25.628+0000] {logging_mixin.py:190} INFO -  Previous state of the Task instance: running
[2025-12-08T08:06:25.630+0000] {logging_mixin.py:190} INFO - Dag name:shopverse_daily_pipeline queued_at:2025-12-08 07:45:29.993968+00:00
[2025-12-08T08:06:25.631+0000] {logging_mixin.py:190} INFO - Task hostname:d293371eaa08 operator:_PythonDecoratedOperator
[2025-12-08T08:06:25.659+0000] {local_task_job_runner.py:261} INFO - Task exited with return code 0
[2025-12-08T08:06:25.748+0000] {taskinstance.py:3891} INFO - 1 downstream tasks scheduled from follow-on schedule check
[2025-12-08T08:06:25.755+0000] {local_task_job_runner.py:240} INFO - ::endgroup::
