[2025-12-08T08:06:21.649+0000] {local_task_job_runner.py:123} INFO - ::group::Pre task execution logs
[2025-12-08T08:06:21.675+0000] {taskinstance.py:2603} INFO - Dependencies all met for dep_context=non-requeueable deps ti=<TaskInstance: shopverse_daily_pipeline.staging.load_orders manual__2025-12-08T07:45:29.939128+00:00 [queued]>
[2025-12-08T08:06:21.687+0000] {taskinstance.py:2603} INFO - Dependencies all met for dep_context=requeueable deps ti=<TaskInstance: shopverse_daily_pipeline.staging.load_orders manual__2025-12-08T07:45:29.939128+00:00 [queued]>
[2025-12-08T08:06:21.690+0000] {taskinstance.py:2856} INFO - Starting attempt 1 of 2
[2025-12-08T08:06:21.707+0000] {taskinstance.py:2879} INFO - Executing <Task(_PythonDecoratedOperator): staging.load_orders> on 2025-12-08 07:45:29.939128+00:00
[2025-12-08T08:06:21.716+0000] {warnings.py:112} WARNING - /home/***/.local/lib/python3.12/site-packages/***/task/task_runner/standard_task_runner.py:70: DeprecationWarning: This process (pid=644) is multi-threaded, use of fork() may lead to deadlocks in the child.
  pid = os.fork()

[2025-12-08T08:06:21.720+0000] {standard_task_runner.py:72} INFO - Started process 646 to run task
[2025-12-08T08:06:21.719+0000] {standard_task_runner.py:104} INFO - Running: ['***', 'tasks', 'run', 'shopverse_daily_pipeline', 'staging.load_orders', 'manual__2025-12-08T07:45:29.939128+00:00', '--job-id', '33', '--raw', '--subdir', 'DAGS_FOLDER/shopverse_daily_pipeline.py', '--cfg-path', '/tmp/tmp4mm5rt55']
[2025-12-08T08:06:21.722+0000] {standard_task_runner.py:105} INFO - Job 33: Subtask staging.load_orders
[2025-12-08T08:06:21.828+0000] {task_command.py:467} INFO - Running <TaskInstance: shopverse_daily_pipeline.staging.load_orders manual__2025-12-08T07:45:29.939128+00:00 [running]> on host d293371eaa08
[2025-12-08T08:06:21.971+0000] {taskinstance.py:3122} INFO - Exporting env vars: AIRFLOW_CTX_DAG_OWNER='Vivek' AIRFLOW_CTX_DAG_ID='shopverse_daily_pipeline' AIRFLOW_CTX_TASK_ID='staging.load_orders' AIRFLOW_CTX_EXECUTION_DATE='2025-12-08T07:45:29.939128+00:00' AIRFLOW_CTX_TRY_NUMBER='1' AIRFLOW_CTX_DAG_RUN_ID='manual__2025-12-08T07:45:29.939128+00:00'
[2025-12-08T08:06:21.978+0000] {logging_mixin.py:190} INFO - Task instance is in running state
[2025-12-08T08:06:21.979+0000] {logging_mixin.py:190} INFO -  Previous state of the Task instance: queued
[2025-12-08T08:06:21.981+0000] {logging_mixin.py:190} INFO - Current task name:staging.load_orders state:running start_date:2025-12-08 08:06:21.677261+00:00
[2025-12-08T08:06:21.982+0000] {logging_mixin.py:190} INFO - Dag name:shopverse_daily_pipeline and current dag run status:running
[2025-12-08T08:06:21.983+0000] {taskinstance.py:731} INFO - ::endgroup::
[2025-12-08T08:06:22.004+0000] {base.py:84} INFO - Retrieving connection 'postgres_dwh'
[2025-12-08T08:06:22.013+0000] {sql.py:509} INFO - Running statement: TRUNCATE TABLE stg_orders;, parameters: None
[2025-12-08T08:06:22.049+0000] {base.py:84} INFO - Retrieving connection 'postgres_dwh'
[2025-12-08T08:06:22.057+0000] {sql.py:509} INFO - Running statement: 
                    INSERT INTO stg_orders (
                        order_id, order_timestamp,
                        customer_id, product_id,
                        quantity, total_amount,
                        currency, status
                    )
                    VALUES (
                        %(order_id)s,
                        %(order_timestamp)s,
                        %(customer_id)s,
                        %(product_id)s,
                        %(quantity)s,
                        %(total_amount)s,
                        %(currency)s,
                        %(status)s
                    );
                    , parameters: {'order_id': 9001, 'order_timestamp': '2025-01-05T08:00:00', 'customer_id': 1, 'product_id': 101, 'quantity': 1, 'total_amount': 25.99, 'currency': 'USD', 'status': 'completed'}
[2025-12-08T08:06:22.061+0000] {sql.py:518} INFO - Rows affected: 1
[2025-12-08T08:06:22.065+0000] {python.py:240} INFO - Done. Returned value was: None
[2025-12-08T08:06:22.089+0000] {taskinstance.py:340} INFO - ::group::Post task execution logs
[2025-12-08T08:06:22.091+0000] {taskinstance.py:352} INFO - Marking task as SUCCESS. dag_id=shopverse_daily_pipeline, task_id=staging.load_orders, run_id=manual__2025-12-08T07:45:29.939128+00:00, execution_date=20251208T074529, start_date=20251208T080621, end_date=20251208T080622
[2025-12-08T08:06:22.106+0000] {logging_mixin.py:190} INFO - Task instance in success state
[2025-12-08T08:06:22.110+0000] {logging_mixin.py:190} INFO -  Previous state of the Task instance: running
[2025-12-08T08:06:22.112+0000] {logging_mixin.py:190} INFO - Dag name:shopverse_daily_pipeline queued_at:2025-12-08 07:45:29.993968+00:00
[2025-12-08T08:06:22.113+0000] {logging_mixin.py:190} INFO - Task hostname:d293371eaa08 operator:_PythonDecoratedOperator
[2025-12-08T08:06:22.141+0000] {local_task_job_runner.py:261} INFO - Task exited with return code 0
[2025-12-08T08:06:22.193+0000] {taskinstance.py:3891} INFO - 1 downstream tasks scheduled from follow-on schedule check
[2025-12-08T08:06:22.198+0000] {local_task_job_runner.py:240} INFO - ::endgroup::
