[2025-12-08T07:33:00.179+0000] {local_task_job_runner.py:123} INFO - ::group::Pre task execution logs
[2025-12-08T07:33:00.220+0000] {taskinstance.py:2603} INFO - Dependencies all met for dep_context=non-requeueable deps ti=<TaskInstance: shopverse_daily_pipeline.dq_checks scheduled__2025-12-07T01:00:00+00:00 [queued]>
[2025-12-08T07:33:00.241+0000] {taskinstance.py:2603} INFO - Dependencies all met for dep_context=requeueable deps ti=<TaskInstance: shopverse_daily_pipeline.dq_checks scheduled__2025-12-07T01:00:00+00:00 [queued]>
[2025-12-08T07:33:00.243+0000] {taskinstance.py:2856} INFO - Starting attempt 2 of 2
[2025-12-08T07:33:00.273+0000] {taskinstance.py:2879} INFO - Executing <Task(_PythonDecoratedOperator): dq_checks> on 2025-12-07 01:00:00+00:00
[2025-12-08T07:33:00.292+0000] {warnings.py:112} WARNING - /home/***/.local/lib/python3.12/site-packages/***/task/task_runner/standard_task_runner.py:70: DeprecationWarning: This process (pid=168) is multi-threaded, use of fork() may lead to deadlocks in the child.
  pid = os.fork()

[2025-12-08T07:33:00.298+0000] {standard_task_runner.py:72} INFO - Started process 179 to run task
[2025-12-08T07:33:00.298+0000] {standard_task_runner.py:104} INFO - Running: ['***', 'tasks', 'run', 'shopverse_daily_pipeline', 'dq_checks', 'scheduled__2025-12-07T01:00:00+00:00', '--job-id', '17', '--raw', '--subdir', 'DAGS_FOLDER/shopverse_daily_pipeline.py', '--cfg-path', '/tmp/tmpsocdeaaj']
[2025-12-08T07:33:00.300+0000] {standard_task_runner.py:105} INFO - Job 17: Subtask dq_checks
[2025-12-08T07:33:00.553+0000] {task_command.py:467} INFO - Running <TaskInstance: shopverse_daily_pipeline.dq_checks scheduled__2025-12-07T01:00:00+00:00 [running]> on host d293371eaa08
[2025-12-08T07:33:00.847+0000] {taskinstance.py:3122} INFO - Exporting env vars: AIRFLOW_CTX_DAG_OWNER='Vivek' AIRFLOW_CTX_DAG_ID='shopverse_daily_pipeline' AIRFLOW_CTX_TASK_ID='dq_checks' AIRFLOW_CTX_EXECUTION_DATE='2025-12-07T01:00:00+00:00' AIRFLOW_CTX_TRY_NUMBER='2' AIRFLOW_CTX_DAG_RUN_ID='scheduled__2025-12-07T01:00:00+00:00'
[2025-12-08T07:33:00.854+0000] {logging_mixin.py:190} INFO - Task instance is in running state
[2025-12-08T07:33:00.855+0000] {logging_mixin.py:190} INFO -  Previous state of the Task instance: queued
[2025-12-08T07:33:00.857+0000] {logging_mixin.py:190} INFO - Current task name:dq_checks state:running start_date:2025-12-08 07:33:00.221573+00:00
[2025-12-08T07:33:00.859+0000] {logging_mixin.py:190} INFO - Dag name:shopverse_daily_pipeline and current dag run status:running
[2025-12-08T07:33:00.862+0000] {taskinstance.py:731} INFO - ::endgroup::
[2025-12-08T07:33:00.889+0000] {base.py:84} INFO - Retrieving connection 'postgres_dwh'
[2025-12-08T07:33:00.943+0000] {sql.py:509} INFO - Running statement: SELECT COUNT(*) FROM dim_customers;, parameters: None
[2025-12-08T07:33:00.950+0000] {sql.py:518} INFO - Rows affected: 1
[2025-12-08T07:33:00.954+0000] {taskinstance.py:3301} ERROR - Task failed with exception
Traceback (most recent call last):
  File "/home/airflow/.local/lib/python3.12/site-packages/airflow/models/taskinstance.py", line 767, in _execute_task
    result = _execute_callable(context=context, **execute_callable_kwargs)
             ^^^^^^^^^^^^^^^^^^^^^^^^^^^^^^^^^^^^^^^^^^^^^^^^^^^^^^^^^^^^^
  File "/home/airflow/.local/lib/python3.12/site-packages/airflow/models/taskinstance.py", line 733, in _execute_callable
    return ExecutionCallableRunner(
           ^^^^^^^^^^^^^^^^^^^^^^^^
  File "/home/airflow/.local/lib/python3.12/site-packages/airflow/utils/operator_helpers.py", line 252, in run
    return self.func(*args, **kwargs)
           ^^^^^^^^^^^^^^^^^^^^^^^^^^
  File "/home/airflow/.local/lib/python3.12/site-packages/airflow/models/baseoperator.py", line 406, in wrapper
    return func(self, *args, **kwargs)
           ^^^^^^^^^^^^^^^^^^^^^^^^^^^
  File "/home/airflow/.local/lib/python3.12/site-packages/airflow/decorators/base.py", line 266, in execute
    return_value = super().execute(context)
                   ^^^^^^^^^^^^^^^^^^^^^^^^
  File "/home/airflow/.local/lib/python3.12/site-packages/airflow/models/baseoperator.py", line 406, in wrapper
    return func(self, *args, **kwargs)
           ^^^^^^^^^^^^^^^^^^^^^^^^^^^
  File "/home/airflow/.local/lib/python3.12/site-packages/airflow/operators/python.py", line 238, in execute
    return_value = self.execute_callable()
                   ^^^^^^^^^^^^^^^^^^^^^^^
  File "/home/airflow/.local/lib/python3.12/site-packages/airflow/operators/python.py", line 256, in execute_callable
    return runner.run(*self.op_args, **self.op_kwargs)
           ^^^^^^^^^^^^^^^^^^^^^^^^^^^^^^^^^^^^^^^^^^^
  File "/home/airflow/.local/lib/python3.12/site-packages/airflow/utils/operator_helpers.py", line 252, in run
    return self.func(*args, **kwargs)
           ^^^^^^^^^^^^^^^^^^^^^^^^^^
  File "/opt/airflow/dags/shopverse_daily_pipeline.py", line 187, in dq_checks
    raise Exception("DQ FAILED: dim_customers is empty")
Exception: DQ FAILED: dim_customers is empty
[2025-12-08T07:33:01.002+0000] {logging_mixin.py:190} INFO - Task instance in failure state
[2025-12-08T07:33:01.003+0000] {logging_mixin.py:190} INFO - Task start:2025-12-08 07:33:00.221573+00:00 end:2025-12-08 07:33:01.000929+00:00 duration:0.779356
[2025-12-08T07:33:01.005+0000] {logging_mixin.py:190} INFO - Task:<Task(_PythonDecoratedOperator): dq_checks> dag:<DAG: shopverse_daily_pipeline> dagrun:<DagRun shopverse_daily_pipeline @ 2025-12-07 01:00:00+00:00: scheduled__2025-12-07T01:00:00+00:00, state:running, queued_at: 2025-12-08 07:27:39.606447+00:00. externally triggered: False>
[2025-12-08T07:33:01.007+0000] {logging_mixin.py:190} INFO - Failure caused by DQ FAILED: dim_customers is empty
[2025-12-08T07:33:01.008+0000] {taskinstance.py:1225} INFO - Marking task as FAILED. dag_id=shopverse_daily_pipeline, task_id=dq_checks, run_id=scheduled__2025-12-07T01:00:00+00:00, execution_date=20251207T010000, start_date=20251208T073300, end_date=20251208T073301
[2025-12-08T07:33:01.063+0000] {taskinstance.py:340} INFO - ::group::Post task execution logs
[2025-12-08T07:33:01.065+0000] {standard_task_runner.py:124} ERROR - Failed to execute job 17 for task dq_checks (DQ FAILED: dim_customers is empty; 179)
Traceback (most recent call last):
  File "/home/airflow/.local/lib/python3.12/site-packages/airflow/task/task_runner/standard_task_runner.py", line 117, in _start_by_fork
    ret = args.func(args, dag=self.dag)
          ^^^^^^^^^^^^^^^^^^^^^^^^^^^^^
  File "/home/airflow/.local/lib/python3.12/site-packages/airflow/cli/cli_config.py", line 49, in command
    return func(*args, **kwargs)
           ^^^^^^^^^^^^^^^^^^^^^
  File "/home/airflow/.local/lib/python3.12/site-packages/airflow/utils/cli.py", line 115, in wrapper
    return f(*args, **kwargs)
           ^^^^^^^^^^^^^^^^^^
  File "/home/airflow/.local/lib/python3.12/site-packages/airflow/cli/commands/task_command.py", line 483, in task_run
    task_return_code = _run_task_by_selected_method(args, _dag, ti)
                       ^^^^^^^^^^^^^^^^^^^^^^^^^^^^^^^^^^^^^^^^^^^^
  File "/home/airflow/.local/lib/python3.12/site-packages/airflow/cli/commands/task_command.py", line 256, in _run_task_by_selected_method
    return _run_raw_task(args, ti)
           ^^^^^^^^^^^^^^^^^^^^^^^
  File "/home/airflow/.local/lib/python3.12/site-packages/airflow/cli/commands/task_command.py", line 341, in _run_raw_task
    return ti._run_raw_task(
           ^^^^^^^^^^^^^^^^^
  File "/home/airflow/.local/lib/python3.12/site-packages/airflow/utils/session.py", line 97, in wrapper
    return func(*args, session=session, **kwargs)
           ^^^^^^^^^^^^^^^^^^^^^^^^^^^^^^^^^^^^^^
  File "/home/airflow/.local/lib/python3.12/site-packages/airflow/models/taskinstance.py", line 2995, in _run_raw_task
    return _run_raw_task(
           ^^^^^^^^^^^^^^
  File "/home/airflow/.local/lib/python3.12/site-packages/airflow/models/taskinstance.py", line 273, in _run_raw_task
    TaskInstance._execute_task_with_callbacks(
  File "/home/airflow/.local/lib/python3.12/site-packages/airflow/models/taskinstance.py", line 3149, in _execute_task_with_callbacks
    result = self._execute_task(context, task_orig)
             ^^^^^^^^^^^^^^^^^^^^^^^^^^^^^^^^^^^^^^
  File "/home/airflow/.local/lib/python3.12/site-packages/airflow/models/taskinstance.py", line 3173, in _execute_task
    return _execute_task(self, context, task_orig)
           ^^^^^^^^^^^^^^^^^^^^^^^^^^^^^^^^^^^^^^^
  File "/home/airflow/.local/lib/python3.12/site-packages/airflow/models/taskinstance.py", line 767, in _execute_task
    result = _execute_callable(context=context, **execute_callable_kwargs)
             ^^^^^^^^^^^^^^^^^^^^^^^^^^^^^^^^^^^^^^^^^^^^^^^^^^^^^^^^^^^^^
  File "/home/airflow/.local/lib/python3.12/site-packages/airflow/models/taskinstance.py", line 733, in _execute_callable
    return ExecutionCallableRunner(
           ^^^^^^^^^^^^^^^^^^^^^^^^
  File "/home/airflow/.local/lib/python3.12/site-packages/airflow/utils/operator_helpers.py", line 252, in run
    return self.func(*args, **kwargs)
           ^^^^^^^^^^^^^^^^^^^^^^^^^^
  File "/home/airflow/.local/lib/python3.12/site-packages/airflow/models/baseoperator.py", line 406, in wrapper
    return func(self, *args, **kwargs)
           ^^^^^^^^^^^^^^^^^^^^^^^^^^^
  File "/home/airflow/.local/lib/python3.12/site-packages/airflow/decorators/base.py", line 266, in execute
    return_value = super().execute(context)
                   ^^^^^^^^^^^^^^^^^^^^^^^^
  File "/home/airflow/.local/lib/python3.12/site-packages/airflow/models/baseoperator.py", line 406, in wrapper
    return func(self, *args, **kwargs)
           ^^^^^^^^^^^^^^^^^^^^^^^^^^^
  File "/home/airflow/.local/lib/python3.12/site-packages/airflow/operators/python.py", line 238, in execute
    return_value = self.execute_callable()
                   ^^^^^^^^^^^^^^^^^^^^^^^
  File "/home/airflow/.local/lib/python3.12/site-packages/airflow/operators/python.py", line 256, in execute_callable
    return runner.run(*self.op_args, **self.op_kwargs)
           ^^^^^^^^^^^^^^^^^^^^^^^^^^^^^^^^^^^^^^^^^^^
  File "/home/airflow/.local/lib/python3.12/site-packages/airflow/utils/operator_helpers.py", line 252, in run
    return self.func(*args, **kwargs)
           ^^^^^^^^^^^^^^^^^^^^^^^^^^
  File "/opt/airflow/dags/shopverse_daily_pipeline.py", line 187, in dq_checks
    raise Exception("DQ FAILED: dim_customers is empty")
Exception: DQ FAILED: dim_customers is empty
[2025-12-08T07:33:01.121+0000] {local_task_job_runner.py:261} INFO - Task exited with return code 1
[2025-12-08T07:33:01.198+0000] {taskinstance.py:3891} INFO - 0 downstream tasks scheduled from follow-on schedule check
[2025-12-08T07:33:01.213+0000] {local_task_job_runner.py:240} INFO - ::endgroup::
