[2025-12-08T08:09:06.982+0000] {local_task_job_runner.py:123} INFO - ::group::Pre task execution logs
[2025-12-08T08:09:07.015+0000] {taskinstance.py:2603} INFO - Dependencies all met for dep_context=non-requeueable deps ti=<TaskInstance: shopverse_daily_pipeline.dq_checks manual__2025-12-08T08:06:29.905722+00:00 [queued]>
[2025-12-08T08:09:07.036+0000] {taskinstance.py:2603} INFO - Dependencies all met for dep_context=requeueable deps ti=<TaskInstance: shopverse_daily_pipeline.dq_checks manual__2025-12-08T08:06:29.905722+00:00 [queued]>
[2025-12-08T08:09:07.038+0000] {taskinstance.py:2856} INFO - Starting attempt 2 of 3
[2025-12-08T08:09:07.059+0000] {taskinstance.py:2879} INFO - Executing <Task(_PythonDecoratedOperator): dq_checks> on 2025-12-08 08:06:29.905722+00:00
[2025-12-08T08:09:07.071+0000] {warnings.py:112} WARNING - /home/***/.local/lib/python3.12/site-packages/***/task/task_runner/standard_task_runner.py:70: DeprecationWarning: This process (pid=738) is multi-threaded, use of fork() may lead to deadlocks in the child.
  pid = os.fork()

[2025-12-08T08:09:07.075+0000] {standard_task_runner.py:72} INFO - Started process 740 to run task
[2025-12-08T08:09:07.077+0000] {standard_task_runner.py:104} INFO - Running: ['***', 'tasks', 'run', 'shopverse_daily_pipeline', 'dq_checks', 'manual__2025-12-08T08:06:29.905722+00:00', '--job-id', '48', '--raw', '--subdir', 'DAGS_FOLDER/shopverse_daily_pipeline.py', '--cfg-path', '/tmp/tmpe1e8113e']
[2025-12-08T08:09:07.080+0000] {standard_task_runner.py:105} INFO - Job 48: Subtask dq_checks
[2025-12-08T08:09:07.202+0000] {task_command.py:467} INFO - Running <TaskInstance: shopverse_daily_pipeline.dq_checks manual__2025-12-08T08:06:29.905722+00:00 [running]> on host d293371eaa08
[2025-12-08T08:09:07.326+0000] {taskinstance.py:3122} INFO - Exporting env vars: AIRFLOW_CTX_DAG_OWNER='Vivek' AIRFLOW_CTX_DAG_ID='shopverse_daily_pipeline' AIRFLOW_CTX_TASK_ID='dq_checks' AIRFLOW_CTX_EXECUTION_DATE='2025-12-08T08:06:29.905722+00:00' AIRFLOW_CTX_TRY_NUMBER='2' AIRFLOW_CTX_DAG_RUN_ID='manual__2025-12-08T08:06:29.905722+00:00'
[2025-12-08T08:09:07.329+0000] {logging_mixin.py:190} INFO - Task instance is in running state
[2025-12-08T08:09:07.331+0000] {logging_mixin.py:190} INFO -  Previous state of the Task instance: queued
[2025-12-08T08:09:07.332+0000] {logging_mixin.py:190} INFO - Current task name:dq_checks state:running start_date:2025-12-08 08:09:07.017487+00:00
[2025-12-08T08:09:07.333+0000] {logging_mixin.py:190} INFO - Dag name:shopverse_daily_pipeline and current dag run status:running
[2025-12-08T08:09:07.334+0000] {taskinstance.py:731} INFO - ::endgroup::
[2025-12-08T08:09:07.349+0000] {base.py:84} INFO - Retrieving connection 'postgres_dwh'
[2025-12-08T08:09:07.356+0000] {sql.py:509} INFO - Running statement: SELECT COUNT(*) FROM dim_customers;, parameters: None
[2025-12-08T08:09:07.360+0000] {sql.py:518} INFO - Rows affected: 1
[2025-12-08T08:09:07.374+0000] {base.py:84} INFO - Retrieving connection 'postgres_dwh'
[2025-12-08T08:09:07.383+0000] {sql.py:509} INFO - Running statement: SELECT COUNT(*) FROM fact_orders;, parameters: None
[2025-12-08T08:09:07.386+0000] {sql.py:518} INFO - Rows affected: 1
[2025-12-08T08:09:07.388+0000] {python.py:240} INFO - Done. Returned value was: 1
[2025-12-08T08:09:07.429+0000] {taskinstance.py:340} INFO - ::group::Post task execution logs
[2025-12-08T08:09:07.430+0000] {taskinstance.py:352} INFO - Marking task as SUCCESS. dag_id=shopverse_daily_pipeline, task_id=dq_checks, run_id=manual__2025-12-08T08:06:29.905722+00:00, execution_date=20251208T080629, start_date=20251208T080907, end_date=20251208T080907
[2025-12-08T08:09:07.450+0000] {logging_mixin.py:190} INFO - Task instance in success state
[2025-12-08T08:09:07.452+0000] {logging_mixin.py:190} INFO -  Previous state of the Task instance: running
[2025-12-08T08:09:07.454+0000] {logging_mixin.py:190} INFO - Dag name:shopverse_daily_pipeline queued_at:2025-12-08 08:06:29.980966+00:00
[2025-12-08T08:09:07.455+0000] {logging_mixin.py:190} INFO - Task hostname:d293371eaa08 operator:_PythonDecoratedOperator
[2025-12-08T08:09:07.497+0000] {local_task_job_runner.py:261} INFO - Task exited with return code 0
[2025-12-08T08:09:07.541+0000] {taskinstance.py:3891} INFO - 0 downstream tasks scheduled from follow-on schedule check
[2025-12-08T08:09:07.546+0000] {local_task_job_runner.py:240} INFO - ::endgroup::
