[2025-12-08T07:27:53.892+0000] {local_task_job_runner.py:123} INFO - ::group::Pre task execution logs
[2025-12-08T07:27:54.160+0000] {taskinstance.py:2603} INFO - Dependencies all met for dep_context=non-requeueable deps ti=<TaskInstance: shopverse_daily_pipeline.wait_orders scheduled__2025-12-07T01:00:00+00:00 [queued]>
[2025-12-08T07:27:54.228+0000] {taskinstance.py:2603} INFO - Dependencies all met for dep_context=requeueable deps ti=<TaskInstance: shopverse_daily_pipeline.wait_orders scheduled__2025-12-07T01:00:00+00:00 [queued]>
[2025-12-08T07:27:54.238+0000] {taskinstance.py:2856} INFO - Starting attempt 1 of 2
[2025-12-08T07:27:54.349+0000] {taskinstance.py:2879} INFO - Executing <Task(FileSensor): wait_orders> on 2025-12-07 01:00:00+00:00
[2025-12-08T07:27:54.441+0000] {standard_task_runner.py:104} INFO - Running: ['***', 'tasks', 'run', 'shopverse_daily_pipeline', 'wait_orders', 'scheduled__2025-12-07T01:00:00+00:00', '--job-id', '11', '--raw', '--subdir', 'DAGS_FOLDER/shopverse_daily_pipeline.py', '--cfg-path', '/tmp/tmppmzt3xa3']
[2025-12-08T07:27:54.421+0000] {warnings.py:112} WARNING - /home/***/.local/lib/python3.12/site-packages/***/task/task_runner/standard_task_runner.py:70: DeprecationWarning: This process (pid=82) is multi-threaded, use of fork() may lead to deadlocks in the child.
  pid = os.fork()

[2025-12-08T07:27:54.455+0000] {standard_task_runner.py:105} INFO - Job 11: Subtask wait_orders
[2025-12-08T07:27:54.458+0000] {standard_task_runner.py:72} INFO - Started process 98 to run task
[2025-12-08T07:27:55.268+0000] {task_command.py:467} INFO - Running <TaskInstance: shopverse_daily_pipeline.wait_orders scheduled__2025-12-07T01:00:00+00:00 [running]> on host d293371eaa08
[2025-12-08T07:27:55.998+0000] {taskinstance.py:3122} INFO - Exporting env vars: AIRFLOW_CTX_DAG_OWNER='Vivek' AIRFLOW_CTX_DAG_ID='shopverse_daily_pipeline' AIRFLOW_CTX_TASK_ID='wait_orders' AIRFLOW_CTX_EXECUTION_DATE='2025-12-07T01:00:00+00:00' AIRFLOW_CTX_TRY_NUMBER='1' AIRFLOW_CTX_DAG_RUN_ID='scheduled__2025-12-07T01:00:00+00:00'
[2025-12-08T07:27:56.036+0000] {logging_mixin.py:190} INFO - Task instance is in running state
[2025-12-08T07:27:56.038+0000] {logging_mixin.py:190} INFO -  Previous state of the Task instance: queued
[2025-12-08T07:27:56.044+0000] {logging_mixin.py:190} INFO - Current task name:wait_orders state:running start_date:2025-12-08 07:27:54.167443+00:00
[2025-12-08T07:27:56.054+0000] {logging_mixin.py:190} INFO - Dag name:shopverse_daily_pipeline and current dag run status:running
[2025-12-08T07:27:56.061+0000] {taskinstance.py:731} INFO - ::endgroup::
[2025-12-08T07:27:56.069+0000] {baseoperator.py:405} WARNING - FileSensor.execute cannot be called outside TaskInstance!
[2025-12-08T07:27:56.116+0000] {base.py:84} INFO - Retrieving connection 'fs_default'
[2025-12-08T07:27:56.120+0000] {filesystem.py:109} INFO - Poking for file /opt/***/data/landing/orders/orders.json
[2025-12-08T07:28:26.206+0000] {filesystem.py:109} INFO - Poking for file /opt/***/data/landing/orders/orders.json
[2025-12-08T07:28:56.293+0000] {filesystem.py:109} INFO - Poking for file /opt/***/data/landing/orders/orders.json
[2025-12-08T07:29:26.373+0000] {filesystem.py:109} INFO - Poking for file /opt/***/data/landing/orders/orders.json
[2025-12-08T07:29:56.444+0000] {filesystem.py:109} INFO - Poking for file /opt/***/data/landing/orders/orders.json
[2025-12-08T07:30:26.518+0000] {filesystem.py:109} INFO - Poking for file /opt/***/data/landing/orders/orders.json
[2025-12-08T07:30:56.588+0000] {filesystem.py:109} INFO - Poking for file /opt/***/data/landing/orders/orders.json
[2025-12-08T07:31:26.661+0000] {filesystem.py:109} INFO - Poking for file /opt/***/data/landing/orders/orders.json
[2025-12-08T07:31:56.735+0000] {filesystem.py:109} INFO - Poking for file /opt/***/data/landing/orders/orders.json
[2025-12-08T07:32:26.826+0000] {filesystem.py:109} INFO - Poking for file /opt/***/data/landing/orders/orders.json
[2025-12-08T07:32:56.895+0000] {filesystem.py:109} INFO - Poking for file /opt/***/data/landing/orders/orders.json
[2025-12-08T07:33:26.972+0000] {filesystem.py:109} INFO - Poking for file /opt/***/data/landing/orders/orders.json
[2025-12-08T07:33:57.053+0000] {filesystem.py:109} INFO - Poking for file /opt/***/data/landing/orders/orders.json
[2025-12-08T07:34:27.136+0000] {filesystem.py:109} INFO - Poking for file /opt/***/data/landing/orders/orders.json
[2025-12-08T07:34:57.211+0000] {filesystem.py:109} INFO - Poking for file /opt/***/data/landing/orders/orders.json
[2025-12-08T07:35:27.286+0000] {filesystem.py:109} INFO - Poking for file /opt/***/data/landing/orders/orders.json
[2025-12-08T07:35:57.366+0000] {filesystem.py:109} INFO - Poking for file /opt/***/data/landing/orders/orders.json
[2025-12-08T07:36:27.448+0000] {filesystem.py:109} INFO - Poking for file /opt/***/data/landing/orders/orders.json
[2025-12-08T07:36:57.524+0000] {filesystem.py:109} INFO - Poking for file /opt/***/data/landing/orders/orders.json
[2025-12-08T07:37:27.606+0000] {filesystem.py:109} INFO - Poking for file /opt/***/data/landing/orders/orders.json
[2025-12-08T07:37:57.690+0000] {filesystem.py:109} INFO - Poking for file /opt/***/data/landing/orders/orders.json
[2025-12-08T07:38:27.787+0000] {filesystem.py:109} INFO - Poking for file /opt/***/data/landing/orders/orders.json
[2025-12-08T07:38:57.864+0000] {filesystem.py:109} INFO - Poking for file /opt/***/data/landing/orders/orders.json
[2025-12-08T07:39:27.936+0000] {filesystem.py:109} INFO - Poking for file /opt/***/data/landing/orders/orders.json
[2025-12-08T07:39:58.014+0000] {filesystem.py:109} INFO - Poking for file /opt/***/data/landing/orders/orders.json
[2025-12-08T07:40:28.109+0000] {filesystem.py:109} INFO - Poking for file /opt/***/data/landing/orders/orders.json
[2025-12-08T07:40:58.181+0000] {filesystem.py:109} INFO - Poking for file /opt/***/data/landing/orders/orders.json
[2025-12-08T07:41:28.259+0000] {filesystem.py:109} INFO - Poking for file /opt/***/data/landing/orders/orders.json
[2025-12-08T07:41:58.345+0000] {filesystem.py:109} INFO - Poking for file /opt/***/data/landing/orders/orders.json
[2025-12-08T07:42:28.430+0000] {filesystem.py:109} INFO - Poking for file /opt/***/data/landing/orders/orders.json
[2025-12-08T07:42:58.512+0000] {filesystem.py:109} INFO - Poking for file /opt/***/data/landing/orders/orders.json
[2025-12-08T07:43:28.602+0000] {filesystem.py:109} INFO - Poking for file /opt/***/data/landing/orders/orders.json
[2025-12-08T07:43:58.688+0000] {filesystem.py:109} INFO - Poking for file /opt/***/data/landing/orders/orders.json
[2025-12-08T07:44:28.781+0000] {filesystem.py:109} INFO - Poking for file /opt/***/data/landing/orders/orders.json
[2025-12-08T07:44:58.863+0000] {filesystem.py:109} INFO - Poking for file /opt/***/data/landing/orders/orders.json
[2025-12-08T07:45:08.889+0000] {local_task_job_runner.py:341} WARNING - State of this instance has been externally set to failed. Terminating instance.
[2025-12-08T07:45:08.893+0000] {local_task_job_runner.py:240} INFO - ::endgroup::
[2025-12-08T07:45:08.897+0000] {process_utils.py:132} INFO - Sending 15 to group 98. PIDs of all processes in the group: [98]
[2025-12-08T07:45:08.899+0000] {process_utils.py:87} INFO - Sending the signal 15 to group 98
[2025-12-08T07:45:08.900+0000] {taskinstance.py:3083} ERROR - Received SIGTERM. Terminating subprocesses.
[2025-12-08T07:45:08.965+0000] {taskinstance.py:340} INFO - ::group::Post task execution logs
[2025-12-08T07:45:09.034+0000] {process_utils.py:80} INFO - Process psutil.Process(pid=98, status='terminated', exitcode=0, started='07:27:54') (98) terminated with exit code 0
