[2025-12-08T08:06:37.780+0000] {local_task_job_runner.py:123} INFO - ::group::Pre task execution logs
[2025-12-08T08:06:37.830+0000] {taskinstance.py:2603} INFO - Dependencies all met for dep_context=non-requeueable deps ti=<TaskInstance: shopverse_daily_pipeline.warehouse.fact_orders manual__2025-12-08T07:45:29.939128+00:00 [queued]>
[2025-12-08T08:06:37.862+0000] {taskinstance.py:2603} INFO - Dependencies all met for dep_context=requeueable deps ti=<TaskInstance: shopverse_daily_pipeline.warehouse.fact_orders manual__2025-12-08T07:45:29.939128+00:00 [queued]>
[2025-12-08T08:06:37.865+0000] {taskinstance.py:2856} INFO - Starting attempt 1 of 2
[2025-12-08T08:06:37.897+0000] {taskinstance.py:2879} INFO - Executing <Task(_PythonDecoratedOperator): warehouse.fact_orders> on 2025-12-08 07:45:29.939128+00:00
[2025-12-08T08:06:37.917+0000] {warnings.py:112} WARNING - /home/***/.local/lib/python3.12/site-packages/***/task/task_runner/standard_task_runner.py:70: DeprecationWarning: This process (pid=668) is multi-threaded, use of fork() may lead to deadlocks in the child.
  pid = os.fork()

[2025-12-08T08:06:37.923+0000] {standard_task_runner.py:72} INFO - Started process 685 to run task
[2025-12-08T08:06:37.923+0000] {standard_task_runner.py:104} INFO - Running: ['***', 'tasks', 'run', 'shopverse_daily_pipeline', 'warehouse.fact_orders', 'manual__2025-12-08T07:45:29.939128+00:00', '--job-id', '41', '--raw', '--subdir', 'DAGS_FOLDER/shopverse_daily_pipeline.py', '--cfg-path', '/tmp/tmptkkr_6dk']
[2025-12-08T08:06:37.927+0000] {standard_task_runner.py:105} INFO - Job 41: Subtask warehouse.fact_orders
[2025-12-08T08:06:38.131+0000] {task_command.py:467} INFO - Running <TaskInstance: shopverse_daily_pipeline.warehouse.fact_orders manual__2025-12-08T07:45:29.939128+00:00 [running]> on host d293371eaa08
[2025-12-08T08:06:38.364+0000] {taskinstance.py:3122} INFO - Exporting env vars: AIRFLOW_CTX_DAG_OWNER='Vivek' AIRFLOW_CTX_DAG_ID='shopverse_daily_pipeline' AIRFLOW_CTX_TASK_ID='warehouse.fact_orders' AIRFLOW_CTX_EXECUTION_DATE='2025-12-08T07:45:29.939128+00:00' AIRFLOW_CTX_TRY_NUMBER='1' AIRFLOW_CTX_DAG_RUN_ID='manual__2025-12-08T07:45:29.939128+00:00'
[2025-12-08T08:06:38.368+0000] {logging_mixin.py:190} INFO - Task instance is in running state
[2025-12-08T08:06:38.369+0000] {logging_mixin.py:190} INFO -  Previous state of the Task instance: queued
[2025-12-08T08:06:38.371+0000] {logging_mixin.py:190} INFO - Current task name:warehouse.fact_orders state:running start_date:2025-12-08 08:06:37.831531+00:00
[2025-12-08T08:06:38.372+0000] {logging_mixin.py:190} INFO - Dag name:shopverse_daily_pipeline and current dag run status:running
[2025-12-08T08:06:38.374+0000] {taskinstance.py:731} INFO - ::endgroup::
[2025-12-08T08:06:38.401+0000] {base.py:84} INFO - Retrieving connection 'postgres_dwh'
[2025-12-08T08:06:38.414+0000] {sql.py:509} INFO - Running statement: 
                DELETE FROM fact_orders
                WHERE order_id IN (SELECT order_id FROM stg_orders);
            , parameters: None
[2025-12-08T08:06:38.427+0000] {sql.py:518} INFO - Rows affected: 0
[2025-12-08T08:06:38.452+0000] {base.py:84} INFO - Retrieving connection 'postgres_dwh'
[2025-12-08T08:06:38.470+0000] {sql.py:509} INFO - Running statement: 
                INSERT INTO fact_orders (
                    order_id, order_timestamp, customer_id, product_id,
                    quantity, total_amount, currency_mismatch_flag
                )
                SELECT
                    order_id,
                    order_timestamp AT TIME ZONE 'UTC',
                    customer_id,
                    product_id,
                    quantity,
                    total_amount,
                    (currency <> 'USD') AS currency_mismatch_flag
                FROM stg_orders
                WHERE quantity > 0
                AND customer_id IS NOT NULL
                AND product_id IS NOT NULL;
            , parameters: None
[2025-12-08T08:06:38.480+0000] {sql.py:518} INFO - Rows affected: 1
[2025-12-08T08:06:38.485+0000] {python.py:240} INFO - Done. Returned value was: None
[2025-12-08T08:06:38.514+0000] {taskinstance.py:340} INFO - ::group::Post task execution logs
[2025-12-08T08:06:38.516+0000] {taskinstance.py:352} INFO - Marking task as SUCCESS. dag_id=shopverse_daily_pipeline, task_id=warehouse.fact_orders, run_id=manual__2025-12-08T07:45:29.939128+00:00, execution_date=20251208T074529, start_date=20251208T080637, end_date=20251208T080638
[2025-12-08T08:06:38.583+0000] {logging_mixin.py:190} INFO - Task instance in success state
[2025-12-08T08:06:38.585+0000] {logging_mixin.py:190} INFO -  Previous state of the Task instance: running
[2025-12-08T08:06:38.587+0000] {logging_mixin.py:190} INFO - Dag name:shopverse_daily_pipeline queued_at:2025-12-08 07:45:29.993968+00:00
[2025-12-08T08:06:38.589+0000] {logging_mixin.py:190} INFO - Task hostname:d293371eaa08 operator:_PythonDecoratedOperator
[2025-12-08T08:06:38.628+0000] {local_task_job_runner.py:261} INFO - Task exited with return code 0
[2025-12-08T08:06:38.683+0000] {taskinstance.py:3891} INFO - 0 downstream tasks scheduled from follow-on schedule check
[2025-12-08T08:06:38.693+0000] {local_task_job_runner.py:240} INFO - ::endgroup::
