[2025-12-08T07:27:57.781+0000] {local_task_job_runner.py:123} INFO - ::group::Pre task execution logs
[2025-12-08T07:27:57.862+0000] {taskinstance.py:2603} INFO - Dependencies all met for dep_context=non-requeueable deps ti=<TaskInstance: shopverse_daily_pipeline.wait_orders manual__2025-12-08T07:27:44.071897+00:00 [queued]>
[2025-12-08T07:27:57.901+0000] {taskinstance.py:2603} INFO - Dependencies all met for dep_context=requeueable deps ti=<TaskInstance: shopverse_daily_pipeline.wait_orders manual__2025-12-08T07:27:44.071897+00:00 [queued]>
[2025-12-08T07:27:57.910+0000] {taskinstance.py:2856} INFO - Starting attempt 1 of 2
[2025-12-08T07:27:57.970+0000] {taskinstance.py:2879} INFO - Executing <Task(FileSensor): wait_orders> on 2025-12-08 07:27:44.071897+00:00
[2025-12-08T07:27:57.994+0000] {warnings.py:112} WARNING - /home/***/.local/lib/python3.12/site-packages/***/task/task_runner/standard_task_runner.py:70: DeprecationWarning: This process (pid=88) is multi-threaded, use of fork() may lead to deadlocks in the child.
  pid = os.fork()

[2025-12-08T07:27:58.007+0000] {standard_task_runner.py:72} INFO - Started process 113 to run task
[2025-12-08T07:27:58.007+0000] {standard_task_runner.py:104} INFO - Running: ['***', 'tasks', 'run', 'shopverse_daily_pipeline', 'wait_orders', 'manual__2025-12-08T07:27:44.071897+00:00', '--job-id', '14', '--raw', '--subdir', 'DAGS_FOLDER/shopverse_daily_pipeline.py', '--cfg-path', '/tmp/tmpx3g4mxii']
[2025-12-08T07:27:58.010+0000] {standard_task_runner.py:105} INFO - Job 14: Subtask wait_orders
[2025-12-08T07:27:58.251+0000] {task_command.py:467} INFO - Running <TaskInstance: shopverse_daily_pipeline.wait_orders manual__2025-12-08T07:27:44.071897+00:00 [running]> on host d293371eaa08
[2025-12-08T07:27:58.611+0000] {taskinstance.py:3122} INFO - Exporting env vars: AIRFLOW_CTX_DAG_OWNER='Vivek' AIRFLOW_CTX_DAG_ID='shopverse_daily_pipeline' AIRFLOW_CTX_TASK_ID='wait_orders' AIRFLOW_CTX_EXECUTION_DATE='2025-12-08T07:27:44.071897+00:00' AIRFLOW_CTX_TRY_NUMBER='1' AIRFLOW_CTX_DAG_RUN_ID='manual__2025-12-08T07:27:44.071897+00:00'
[2025-12-08T07:27:58.615+0000] {logging_mixin.py:190} INFO - Task instance is in running state
[2025-12-08T07:27:58.618+0000] {logging_mixin.py:190} INFO -  Previous state of the Task instance: queued
[2025-12-08T07:27:58.620+0000] {logging_mixin.py:190} INFO - Current task name:wait_orders state:running start_date:2025-12-08 07:27:57.866988+00:00
[2025-12-08T07:27:58.623+0000] {logging_mixin.py:190} INFO - Dag name:shopverse_daily_pipeline and current dag run status:running
[2025-12-08T07:27:58.626+0000] {taskinstance.py:731} INFO - ::endgroup::
[2025-12-08T07:27:58.632+0000] {baseoperator.py:405} WARNING - FileSensor.execute cannot be called outside TaskInstance!
[2025-12-08T07:27:58.671+0000] {base.py:84} INFO - Retrieving connection 'fs_default'
[2025-12-08T07:27:58.674+0000] {filesystem.py:109} INFO - Poking for file /opt/***/data/landing/orders/orders.json
[2025-12-08T07:28:28.766+0000] {filesystem.py:109} INFO - Poking for file /opt/***/data/landing/orders/orders.json
[2025-12-08T07:28:58.848+0000] {filesystem.py:109} INFO - Poking for file /opt/***/data/landing/orders/orders.json
[2025-12-08T07:29:28.926+0000] {filesystem.py:109} INFO - Poking for file /opt/***/data/landing/orders/orders.json
[2025-12-08T07:29:58.997+0000] {filesystem.py:109} INFO - Poking for file /opt/***/data/landing/orders/orders.json
[2025-12-08T07:30:29.115+0000] {filesystem.py:109} INFO - Poking for file /opt/***/data/landing/orders/orders.json
[2025-12-08T07:30:59.188+0000] {filesystem.py:109} INFO - Poking for file /opt/***/data/landing/orders/orders.json
[2025-12-08T07:31:29.261+0000] {filesystem.py:109} INFO - Poking for file /opt/***/data/landing/orders/orders.json
[2025-12-08T07:31:59.335+0000] {filesystem.py:109} INFO - Poking for file /opt/***/data/landing/orders/orders.json
[2025-12-08T07:32:29.428+0000] {filesystem.py:109} INFO - Poking for file /opt/***/data/landing/orders/orders.json
[2025-12-08T07:32:59.500+0000] {filesystem.py:109} INFO - Poking for file /opt/***/data/landing/orders/orders.json
[2025-12-08T07:33:29.582+0000] {filesystem.py:109} INFO - Poking for file /opt/***/data/landing/orders/orders.json
[2025-12-08T07:33:59.656+0000] {filesystem.py:109} INFO - Poking for file /opt/***/data/landing/orders/orders.json
[2025-12-08T07:34:29.734+0000] {filesystem.py:109} INFO - Poking for file /opt/***/data/landing/orders/orders.json
[2025-12-08T07:34:59.808+0000] {filesystem.py:109} INFO - Poking for file /opt/***/data/landing/orders/orders.json
[2025-12-08T07:35:29.888+0000] {filesystem.py:109} INFO - Poking for file /opt/***/data/landing/orders/orders.json
[2025-12-08T07:35:59.966+0000] {filesystem.py:109} INFO - Poking for file /opt/***/data/landing/orders/orders.json
[2025-12-08T07:36:30.051+0000] {filesystem.py:109} INFO - Poking for file /opt/***/data/landing/orders/orders.json
[2025-12-08T07:37:00.129+0000] {filesystem.py:109} INFO - Poking for file /opt/***/data/landing/orders/orders.json
[2025-12-08T07:37:30.212+0000] {filesystem.py:109} INFO - Poking for file /opt/***/data/landing/orders/orders.json
[2025-12-08T07:38:00.294+0000] {filesystem.py:109} INFO - Poking for file /opt/***/data/landing/orders/orders.json
[2025-12-08T07:38:30.383+0000] {filesystem.py:109} INFO - Poking for file /opt/***/data/landing/orders/orders.json
[2025-12-08T07:39:00.459+0000] {filesystem.py:109} INFO - Poking for file /opt/***/data/landing/orders/orders.json
[2025-12-08T07:39:30.529+0000] {filesystem.py:109} INFO - Poking for file /opt/***/data/landing/orders/orders.json
[2025-12-08T07:40:00.607+0000] {filesystem.py:109} INFO - Poking for file /opt/***/data/landing/orders/orders.json
[2025-12-08T07:40:30.700+0000] {filesystem.py:109} INFO - Poking for file /opt/***/data/landing/orders/orders.json
[2025-12-08T07:41:00.770+0000] {filesystem.py:109} INFO - Poking for file /opt/***/data/landing/orders/orders.json
[2025-12-08T07:41:30.854+0000] {filesystem.py:109} INFO - Poking for file /opt/***/data/landing/orders/orders.json
[2025-12-08T07:42:00.939+0000] {filesystem.py:109} INFO - Poking for file /opt/***/data/landing/orders/orders.json
[2025-12-08T07:42:31.021+0000] {filesystem.py:109} INFO - Poking for file /opt/***/data/landing/orders/orders.json
[2025-12-08T07:43:01.108+0000] {filesystem.py:109} INFO - Poking for file /opt/***/data/landing/orders/orders.json
[2025-12-08T07:43:31.211+0000] {filesystem.py:109} INFO - Poking for file /opt/***/data/landing/orders/orders.json
[2025-12-08T07:44:01.293+0000] {filesystem.py:109} INFO - Poking for file /opt/***/data/landing/orders/orders.json
[2025-12-08T07:44:31.387+0000] {filesystem.py:109} INFO - Poking for file /opt/***/data/landing/orders/orders.json
[2025-12-08T07:45:01.468+0000] {filesystem.py:109} INFO - Poking for file /opt/***/data/landing/orders/orders.json
[2025-12-08T07:45:02.065+0000] {local_task_job_runner.py:341} WARNING - State of this instance has been externally set to failed. Terminating instance.
[2025-12-08T07:45:02.068+0000] {local_task_job_runner.py:240} INFO - ::endgroup::
[2025-12-08T07:45:02.076+0000] {process_utils.py:132} INFO - Sending 15 to group 113. PIDs of all processes in the group: [113]
[2025-12-08T07:45:02.078+0000] {process_utils.py:87} INFO - Sending the signal 15 to group 113
[2025-12-08T07:45:02.081+0000] {taskinstance.py:3083} ERROR - Received SIGTERM. Terminating subprocesses.
[2025-12-08T07:45:02.143+0000] {taskinstance.py:340} INFO - ::group::Post task execution logs
[2025-12-08T07:45:02.214+0000] {process_utils.py:80} INFO - Process psutil.Process(pid=113, status='terminated', exitcode=0, started='07:27:57') (113) terminated with exit code 0
