[2025-12-08T07:45:34.445+0000] {local_task_job_runner.py:123} INFO - ::group::Pre task execution logs
[2025-12-08T07:45:34.494+0000] {taskinstance.py:2603} INFO - Dependencies all met for dep_context=non-requeueable deps ti=<TaskInstance: shopverse_daily_pipeline.wait_customers manual__2025-12-08T07:45:29.939128+00:00 [queued]>
[2025-12-08T07:45:34.524+0000] {taskinstance.py:2603} INFO - Dependencies all met for dep_context=requeueable deps ti=<TaskInstance: shopverse_daily_pipeline.wait_customers manual__2025-12-08T07:45:29.939128+00:00 [queued]>
[2025-12-08T07:45:34.527+0000] {taskinstance.py:2856} INFO - Starting attempt 1 of 2
[2025-12-08T07:45:34.569+0000] {taskinstance.py:2879} INFO - Executing <Task(FileSensor): wait_customers> on 2025-12-08 07:45:29.939128+00:00
[2025-12-08T07:45:34.597+0000] {warnings.py:112} WARNING - /home/***/.local/lib/python3.12/site-packages/***/task/task_runner/standard_task_runner.py:70: DeprecationWarning: This process (pid=344) is multi-threaded, use of fork() may lead to deadlocks in the child.
  pid = os.fork()

[2025-12-08T07:45:34.602+0000] {standard_task_runner.py:72} INFO - Started process 352 to run task
[2025-12-08T07:45:34.601+0000] {standard_task_runner.py:104} INFO - Running: ['***', 'tasks', 'run', 'shopverse_daily_pipeline', 'wait_customers', 'manual__2025-12-08T07:45:29.939128+00:00', '--job-id', '22', '--raw', '--subdir', 'DAGS_FOLDER/shopverse_daily_pipeline.py', '--cfg-path', '/tmp/tmpj24xu72m']
[2025-12-08T07:45:34.620+0000] {standard_task_runner.py:105} INFO - Job 22: Subtask wait_customers
[2025-12-08T07:45:34.888+0000] {task_command.py:467} INFO - Running <TaskInstance: shopverse_daily_pipeline.wait_customers manual__2025-12-08T07:45:29.939128+00:00 [running]> on host d293371eaa08
[2025-12-08T07:45:35.208+0000] {taskinstance.py:3122} INFO - Exporting env vars: AIRFLOW_CTX_DAG_OWNER='Vivek' AIRFLOW_CTX_DAG_ID='shopverse_daily_pipeline' AIRFLOW_CTX_TASK_ID='wait_customers' AIRFLOW_CTX_EXECUTION_DATE='2025-12-08T07:45:29.939128+00:00' AIRFLOW_CTX_TRY_NUMBER='1' AIRFLOW_CTX_DAG_RUN_ID='manual__2025-12-08T07:45:29.939128+00:00'
[2025-12-08T07:45:35.213+0000] {logging_mixin.py:190} INFO - Task instance is in running state
[2025-12-08T07:45:35.214+0000] {logging_mixin.py:190} INFO -  Previous state of the Task instance: queued
[2025-12-08T07:45:35.216+0000] {logging_mixin.py:190} INFO - Current task name:wait_customers state:running start_date:2025-12-08 07:45:34.496637+00:00
[2025-12-08T07:45:35.219+0000] {logging_mixin.py:190} INFO - Dag name:shopverse_daily_pipeline and current dag run status:running
[2025-12-08T07:45:35.230+0000] {taskinstance.py:731} INFO - ::endgroup::
[2025-12-08T07:45:35.233+0000] {baseoperator.py:405} WARNING - FileSensor.execute cannot be called outside TaskInstance!
[2025-12-08T07:45:35.266+0000] {base.py:84} INFO - Retrieving connection 'fs_default'
[2025-12-08T07:45:35.269+0000] {filesystem.py:109} INFO - Poking for file /opt/***/data/landing/customers/customers.csv
[2025-12-08T07:46:05.352+0000] {filesystem.py:109} INFO - Poking for file /opt/***/data/landing/customers/customers.csv
[2025-12-08T07:46:35.436+0000] {filesystem.py:109} INFO - Poking for file /opt/***/data/landing/customers/customers.csv
[2025-12-08T07:47:05.521+0000] {filesystem.py:109} INFO - Poking for file /opt/***/data/landing/customers/customers.csv
[2025-12-08T07:47:35.610+0000] {filesystem.py:109} INFO - Poking for file /opt/***/data/landing/customers/customers.csv
[2025-12-08T07:48:05.694+0000] {filesystem.py:109} INFO - Poking for file /opt/***/data/landing/customers/customers.csv
[2025-12-08T07:48:35.788+0000] {filesystem.py:109} INFO - Poking for file /opt/***/data/landing/customers/customers.csv
[2025-12-08T07:49:05.875+0000] {filesystem.py:109} INFO - Poking for file /opt/***/data/landing/customers/customers.csv
[2025-12-08T07:49:35.956+0000] {filesystem.py:109} INFO - Poking for file /opt/***/data/landing/customers/customers.csv
[2025-12-08T07:50:06.038+0000] {filesystem.py:109} INFO - Poking for file /opt/***/data/landing/customers/customers.csv
[2025-12-08T07:50:36.122+0000] {filesystem.py:109} INFO - Poking for file /opt/***/data/landing/customers/customers.csv
[2025-12-08T07:51:06.209+0000] {filesystem.py:109} INFO - Poking for file /opt/***/data/landing/customers/customers.csv
[2025-12-08T07:51:36.291+0000] {filesystem.py:109} INFO - Poking for file /opt/***/data/landing/customers/customers.csv
[2025-12-08T07:52:06.390+0000] {filesystem.py:109} INFO - Poking for file /opt/***/data/landing/customers/customers.csv
[2025-12-08T07:52:36.471+0000] {filesystem.py:109} INFO - Poking for file /opt/***/data/landing/customers/customers.csv
[2025-12-08T07:53:06.582+0000] {filesystem.py:109} INFO - Poking for file /opt/***/data/landing/customers/customers.csv
[2025-12-08T07:53:36.680+0000] {filesystem.py:109} INFO - Poking for file /opt/***/data/landing/customers/customers.csv
[2025-12-08T07:54:06.764+0000] {filesystem.py:109} INFO - Poking for file /opt/***/data/landing/customers/customers.csv
[2025-12-08T07:54:36.854+0000] {filesystem.py:109} INFO - Poking for file /opt/***/data/landing/customers/customers.csv
[2025-12-08T07:55:06.935+0000] {filesystem.py:109} INFO - Poking for file /opt/***/data/landing/customers/customers.csv
[2025-12-08T07:55:37.019+0000] {filesystem.py:109} INFO - Poking for file /opt/***/data/landing/customers/customers.csv
[2025-12-08T07:56:07.110+0000] {filesystem.py:109} INFO - Poking for file /opt/***/data/landing/customers/customers.csv
[2025-12-08T07:56:37.196+0000] {filesystem.py:109} INFO - Poking for file /opt/***/data/landing/customers/customers.csv
[2025-12-08T07:57:07.304+0000] {filesystem.py:109} INFO - Poking for file /opt/***/data/landing/customers/customers.csv
[2025-12-08T07:57:37.395+0000] {filesystem.py:109} INFO - Poking for file /opt/***/data/landing/customers/customers.csv
[2025-12-08T07:58:07.487+0000] {filesystem.py:109} INFO - Poking for file /opt/***/data/landing/customers/customers.csv
[2025-12-08T07:58:37.570+0000] {filesystem.py:109} INFO - Poking for file /opt/***/data/landing/customers/customers.csv
[2025-12-08T07:59:07.651+0000] {filesystem.py:109} INFO - Poking for file /opt/***/data/landing/customers/customers.csv
[2025-12-08T07:59:37.751+0000] {filesystem.py:109} INFO - Poking for file /opt/***/data/landing/customers/customers.csv
[2025-12-08T08:00:07.841+0000] {filesystem.py:109} INFO - Poking for file /opt/***/data/landing/customers/customers.csv
[2025-12-08T08:00:37.939+0000] {filesystem.py:109} INFO - Poking for file /opt/***/data/landing/customers/customers.csv
[2025-12-08T08:01:08.022+0000] {filesystem.py:109} INFO - Poking for file /opt/***/data/landing/customers/customers.csv
[2025-12-08T08:01:38.129+0000] {filesystem.py:109} INFO - Poking for file /opt/***/data/landing/customers/customers.csv
[2025-12-08T08:02:08.231+0000] {filesystem.py:109} INFO - Poking for file /opt/***/data/landing/customers/customers.csv
[2025-12-08T08:02:38.324+0000] {filesystem.py:109} INFO - Poking for file /opt/***/data/landing/customers/customers.csv
[2025-12-08T08:03:08.430+0000] {filesystem.py:109} INFO - Poking for file /opt/***/data/landing/customers/customers.csv
[2025-12-08T08:03:38.525+0000] {filesystem.py:109} INFO - Poking for file /opt/***/data/landing/customers/customers.csv
[2025-12-08T08:04:08.636+0000] {filesystem.py:109} INFO - Poking for file /opt/***/data/landing/customers/customers.csv
[2025-12-08T08:04:38.724+0000] {filesystem.py:109} INFO - Poking for file /opt/***/data/landing/customers/customers.csv
[2025-12-08T08:05:08.805+0000] {filesystem.py:109} INFO - Poking for file /opt/***/data/landing/customers/customers.csv
[2025-12-08T08:05:38.890+0000] {filesystem.py:109} INFO - Poking for file /opt/***/data/landing/customers/customers.csv
[2025-12-08T08:05:38.913+0000] {filesystem.py:113} INFO - Found File /opt/***/data/landing/customers/customers.csv last modified: 20251208080423
[2025-12-08T08:05:38.914+0000] {base.py:336} INFO - Success criteria met. Exiting.
[2025-12-08T08:05:38.916+0000] {filesystem.py:109} INFO - Poking for file /opt/***/data/landing/customers/customers.csv
[2025-12-08T08:05:38.931+0000] {filesystem.py:113} INFO - Found File /opt/***/data/landing/customers/customers.csv last modified: 20251208080423
[2025-12-08T08:05:38.958+0000] {taskinstance.py:340} INFO - ::group::Post task execution logs
[2025-12-08T08:05:38.960+0000] {taskinstance.py:352} INFO - Marking task as SUCCESS. dag_id=shopverse_daily_pipeline, task_id=wait_customers, run_id=manual__2025-12-08T07:45:29.939128+00:00, execution_date=20251208T074529, start_date=20251208T074534, end_date=20251208T080538
[2025-12-08T08:05:38.984+0000] {logging_mixin.py:190} INFO - Task instance in success state
[2025-12-08T08:05:38.985+0000] {logging_mixin.py:190} INFO -  Previous state of the Task instance: running
[2025-12-08T08:05:38.986+0000] {logging_mixin.py:190} INFO - Dag name:shopverse_daily_pipeline queued_at:2025-12-08 07:45:29.993968+00:00
[2025-12-08T08:05:38.987+0000] {logging_mixin.py:190} INFO - Task hostname:d293371eaa08 operator:FileSensor
[2025-12-08T08:05:39.027+0000] {local_task_job_runner.py:261} INFO - Task exited with return code 0
[2025-12-08T08:05:39.073+0000] {taskinstance.py:3891} INFO - 0 downstream tasks scheduled from follow-on schedule check
[2025-12-08T08:05:39.078+0000] {local_task_job_runner.py:240} INFO - ::endgroup::
