[2025-12-08T08:09:09.824+0000] {local_task_job_runner.py:123} INFO - ::group::Pre task execution logs
[2025-12-08T08:09:09.846+0000] {taskinstance.py:2603} INFO - Dependencies all met for dep_context=non-requeueable deps ti=<TaskInstance: shopverse_daily_pipeline.branch manual__2025-12-08T08:06:29.905722+00:00 [queued]>
[2025-12-08T08:09:09.859+0000] {taskinstance.py:2603} INFO - Dependencies all met for dep_context=requeueable deps ti=<TaskInstance: shopverse_daily_pipeline.branch manual__2025-12-08T08:06:29.905722+00:00 [queued]>
[2025-12-08T08:09:09.862+0000] {taskinstance.py:2856} INFO - Starting attempt 1 of 2
[2025-12-08T08:09:09.880+0000] {taskinstance.py:2879} INFO - Executing <Task(_BranchPythonDecoratedOperator): branch> on 2025-12-08 08:06:29.905722+00:00
[2025-12-08T08:09:09.891+0000] {warnings.py:112} WARNING - /home/***/.local/lib/python3.12/site-packages/***/task/task_runner/standard_task_runner.py:70: DeprecationWarning: This process (pid=742) is multi-threaded, use of fork() may lead to deadlocks in the child.
  pid = os.fork()

[2025-12-08T08:09:09.894+0000] {standard_task_runner.py:72} INFO - Started process 744 to run task
[2025-12-08T08:09:09.895+0000] {standard_task_runner.py:104} INFO - Running: ['***', 'tasks', 'run', 'shopverse_daily_pipeline', 'branch', 'manual__2025-12-08T08:06:29.905722+00:00', '--job-id', '49', '--raw', '--subdir', 'DAGS_FOLDER/shopverse_daily_pipeline.py', '--cfg-path', '/tmp/tmped5tt68q']
[2025-12-08T08:09:09.898+0000] {standard_task_runner.py:105} INFO - Job 49: Subtask branch
[2025-12-08T08:09:10.015+0000] {task_command.py:467} INFO - Running <TaskInstance: shopverse_daily_pipeline.branch manual__2025-12-08T08:06:29.905722+00:00 [running]> on host d293371eaa08
[2025-12-08T08:09:10.161+0000] {taskinstance.py:3122} INFO - Exporting env vars: AIRFLOW_CTX_DAG_OWNER='Vivek' AIRFLOW_CTX_DAG_ID='shopverse_daily_pipeline' AIRFLOW_CTX_TASK_ID='branch' AIRFLOW_CTX_EXECUTION_DATE='2025-12-08T08:06:29.905722+00:00' AIRFLOW_CTX_TRY_NUMBER='1' AIRFLOW_CTX_DAG_RUN_ID='manual__2025-12-08T08:06:29.905722+00:00'
[2025-12-08T08:09:10.164+0000] {logging_mixin.py:190} INFO - Task instance is in running state
[2025-12-08T08:09:10.165+0000] {logging_mixin.py:190} INFO -  Previous state of the Task instance: queued
[2025-12-08T08:09:10.166+0000] {logging_mixin.py:190} INFO - Current task name:branch state:running start_date:2025-12-08 08:09:09.847352+00:00
[2025-12-08T08:09:10.167+0000] {logging_mixin.py:190} INFO - Dag name:shopverse_daily_pipeline and current dag run status:running
[2025-12-08T08:09:10.168+0000] {taskinstance.py:731} INFO - ::endgroup::
[2025-12-08T08:09:10.170+0000] {python.py:240} INFO - Done. Returned value was: warn_low_volume
[2025-12-08T08:09:10.172+0000] {branch.py:38} INFO - Branch into warn_low_volume
[2025-12-08T08:09:10.173+0000] {skipmixin.py:230} INFO - Following branch ('warn_low_volume',)
[2025-12-08T08:09:10.196+0000] {skipmixin.py:278} INFO - Skipping tasks [('normal_completion', -1)]
[2025-12-08T08:09:10.247+0000] {taskinstance.py:340} INFO - ::group::Post task execution logs
[2025-12-08T08:09:10.248+0000] {taskinstance.py:352} INFO - Marking task as SUCCESS. dag_id=shopverse_daily_pipeline, task_id=branch, run_id=manual__2025-12-08T08:06:29.905722+00:00, execution_date=20251208T080629, start_date=20251208T080909, end_date=20251208T080910
[2025-12-08T08:09:10.267+0000] {logging_mixin.py:190} INFO - Task instance in success state
[2025-12-08T08:09:10.269+0000] {logging_mixin.py:190} INFO -  Previous state of the Task instance: running
[2025-12-08T08:09:10.270+0000] {logging_mixin.py:190} INFO - Dag name:shopverse_daily_pipeline queued_at:2025-12-08 08:06:29.980966+00:00
[2025-12-08T08:09:10.271+0000] {logging_mixin.py:190} INFO - Task hostname:d293371eaa08 operator:_BranchPythonDecoratedOperator
[2025-12-08T08:09:10.314+0000] {local_task_job_runner.py:261} INFO - Task exited with return code 0
[2025-12-08T08:09:10.370+0000] {taskinstance.py:3891} INFO - 0 downstream tasks scheduled from follow-on schedule check
[2025-12-08T08:09:10.378+0000] {local_task_job_runner.py:240} INFO - ::endgroup::
