[2025-12-08T08:06:11.833+0000] {local_task_job_runner.py:123} INFO - ::group::Pre task execution logs
[2025-12-08T08:06:11.866+0000] {taskinstance.py:2603} INFO - Dependencies all met for dep_context=non-requeueable deps ti=<TaskInstance: shopverse_daily_pipeline.staging.load_customers manual__2025-12-08T07:45:29.939128+00:00 [queued]>
[2025-12-08T08:06:11.881+0000] {taskinstance.py:2603} INFO - Dependencies all met for dep_context=requeueable deps ti=<TaskInstance: shopverse_daily_pipeline.staging.load_customers manual__2025-12-08T07:45:29.939128+00:00 [queued]>
[2025-12-08T08:06:11.883+0000] {taskinstance.py:2856} INFO - Starting attempt 1 of 2
[2025-12-08T08:06:11.898+0000] {taskinstance.py:2879} INFO - Executing <Task(_PythonDecoratedOperator): staging.load_customers> on 2025-12-08 07:45:29.939128+00:00
[2025-12-08T08:06:11.907+0000] {warnings.py:112} WARNING - /home/***/.local/lib/python3.12/site-packages/***/task/task_runner/standard_task_runner.py:70: DeprecationWarning: This process (pid=636) is multi-threaded, use of fork() may lead to deadlocks in the child.
  pid = os.fork()

[2025-12-08T08:06:11.909+0000] {standard_task_runner.py:72} INFO - Started process 638 to run task
[2025-12-08T08:06:11.909+0000] {standard_task_runner.py:104} INFO - Running: ['***', 'tasks', 'run', 'shopverse_daily_pipeline', 'staging.load_customers', 'manual__2025-12-08T07:45:29.939128+00:00', '--job-id', '31', '--raw', '--subdir', 'DAGS_FOLDER/shopverse_daily_pipeline.py', '--cfg-path', '/tmp/tmpus8017bv']
[2025-12-08T08:06:11.911+0000] {standard_task_runner.py:105} INFO - Job 31: Subtask staging.load_customers
[2025-12-08T08:06:11.994+0000] {task_command.py:467} INFO - Running <TaskInstance: shopverse_daily_pipeline.staging.load_customers manual__2025-12-08T07:45:29.939128+00:00 [running]> on host d293371eaa08
[2025-12-08T08:06:12.125+0000] {taskinstance.py:3122} INFO - Exporting env vars: AIRFLOW_CTX_DAG_OWNER='Vivek' AIRFLOW_CTX_DAG_ID='shopverse_daily_pipeline' AIRFLOW_CTX_TASK_ID='staging.load_customers' AIRFLOW_CTX_EXECUTION_DATE='2025-12-08T07:45:29.939128+00:00' AIRFLOW_CTX_TRY_NUMBER='1' AIRFLOW_CTX_DAG_RUN_ID='manual__2025-12-08T07:45:29.939128+00:00'
[2025-12-08T08:06:12.127+0000] {logging_mixin.py:190} INFO - Task instance is in running state
[2025-12-08T08:06:12.128+0000] {logging_mixin.py:190} INFO -  Previous state of the Task instance: queued
[2025-12-08T08:06:12.129+0000] {logging_mixin.py:190} INFO - Current task name:staging.load_customers state:running start_date:2025-12-08 08:06:11.867296+00:00
[2025-12-08T08:06:12.130+0000] {logging_mixin.py:190} INFO - Dag name:shopverse_daily_pipeline and current dag run status:running
[2025-12-08T08:06:12.131+0000] {taskinstance.py:731} INFO - ::endgroup::
[2025-12-08T08:06:12.146+0000] {base.py:84} INFO - Retrieving connection 'postgres_dwh'
[2025-12-08T08:06:12.154+0000] {sql.py:509} INFO - Running statement: TRUNCATE TABLE stg_customers;, parameters: None
[2025-12-08T08:06:12.170+0000] {postgres.py:191} INFO - Running copy expert: COPY stg_customers FROM STDIN WITH CSV HEADER;, filename: /opt/***/data/landing/customers/customers.csv
[2025-12-08T08:06:12.192+0000] {base.py:84} INFO - Retrieving connection 'postgres_dwh'
[2025-12-08T08:06:12.214+0000] {python.py:240} INFO - Done. Returned value was: None
[2025-12-08T08:06:12.241+0000] {taskinstance.py:340} INFO - ::group::Post task execution logs
[2025-12-08T08:06:12.243+0000] {taskinstance.py:352} INFO - Marking task as SUCCESS. dag_id=shopverse_daily_pipeline, task_id=staging.load_customers, run_id=manual__2025-12-08T07:45:29.939128+00:00, execution_date=20251208T074529, start_date=20251208T080611, end_date=20251208T080612
[2025-12-08T08:06:12.271+0000] {logging_mixin.py:190} INFO - Task instance in success state
[2025-12-08T08:06:12.272+0000] {logging_mixin.py:190} INFO -  Previous state of the Task instance: running
[2025-12-08T08:06:12.276+0000] {logging_mixin.py:190} INFO - Dag name:shopverse_daily_pipeline queued_at:2025-12-08 07:45:29.993968+00:00
[2025-12-08T08:06:12.279+0000] {logging_mixin.py:190} INFO - Task hostname:d293371eaa08 operator:_PythonDecoratedOperator
[2025-12-08T08:06:12.329+0000] {local_task_job_runner.py:261} INFO - Task exited with return code 0
[2025-12-08T08:06:12.393+0000] {taskinstance.py:3891} INFO - 1 downstream tasks scheduled from follow-on schedule check
[2025-12-08T08:06:12.399+0000] {local_task_job_runner.py:240} INFO - ::endgroup::
