[2025-12-08T08:06:50.664+0000] {local_task_job_runner.py:123} INFO - ::group::Pre task execution logs
[2025-12-08T08:06:50.696+0000] {taskinstance.py:2603} INFO - Dependencies all met for dep_context=non-requeueable deps ti=<TaskInstance: shopverse_daily_pipeline.warehouse.dim_customers manual__2025-12-08T08:06:29.905722+00:00 [queued]>
[2025-12-08T08:06:50.713+0000] {taskinstance.py:2603} INFO - Dependencies all met for dep_context=requeueable deps ti=<TaskInstance: shopverse_daily_pipeline.warehouse.dim_customers manual__2025-12-08T08:06:29.905722+00:00 [queued]>
[2025-12-08T08:06:50.716+0000] {taskinstance.py:2856} INFO - Starting attempt 1 of 2
[2025-12-08T08:06:50.737+0000] {taskinstance.py:2879} INFO - Executing <Task(_PythonDecoratedOperator): warehouse.dim_customers> on 2025-12-08 08:06:29.905722+00:00
[2025-12-08T08:06:50.752+0000] {warnings.py:112} WARNING - /home/***/.local/lib/python3.12/site-packages/***/task/task_runner/standard_task_runner.py:70: DeprecationWarning: This process (pid=699) is multi-threaded, use of fork() may lead to deadlocks in the child.
  pid = os.fork()

[2025-12-08T08:06:50.755+0000] {standard_task_runner.py:72} INFO - Started process 701 to run task
[2025-12-08T08:06:50.755+0000] {standard_task_runner.py:104} INFO - Running: ['***', 'tasks', 'run', 'shopverse_daily_pipeline', 'warehouse.dim_customers', 'manual__2025-12-08T08:06:29.905722+00:00', '--job-id', '45', '--raw', '--subdir', 'DAGS_FOLDER/shopverse_daily_pipeline.py', '--cfg-path', '/tmp/tmp8zozxvpb']
[2025-12-08T08:06:50.757+0000] {standard_task_runner.py:105} INFO - Job 45: Subtask warehouse.dim_customers
[2025-12-08T08:06:50.881+0000] {task_command.py:467} INFO - Running <TaskInstance: shopverse_daily_pipeline.warehouse.dim_customers manual__2025-12-08T08:06:29.905722+00:00 [running]> on host d293371eaa08
[2025-12-08T08:06:51.058+0000] {taskinstance.py:3122} INFO - Exporting env vars: AIRFLOW_CTX_DAG_OWNER='Vivek' AIRFLOW_CTX_DAG_ID='shopverse_daily_pipeline' AIRFLOW_CTX_TASK_ID='warehouse.dim_customers' AIRFLOW_CTX_EXECUTION_DATE='2025-12-08T08:06:29.905722+00:00' AIRFLOW_CTX_TRY_NUMBER='1' AIRFLOW_CTX_DAG_RUN_ID='manual__2025-12-08T08:06:29.905722+00:00'
[2025-12-08T08:06:51.061+0000] {logging_mixin.py:190} INFO - Task instance is in running state
[2025-12-08T08:06:51.063+0000] {logging_mixin.py:190} INFO -  Previous state of the Task instance: queued
[2025-12-08T08:06:51.066+0000] {logging_mixin.py:190} INFO - Current task name:warehouse.dim_customers state:running start_date:2025-12-08 08:06:50.697159+00:00
[2025-12-08T08:06:51.068+0000] {logging_mixin.py:190} INFO - Dag name:shopverse_daily_pipeline and current dag run status:running
[2025-12-08T08:06:51.069+0000] {taskinstance.py:731} INFO - ::endgroup::
[2025-12-08T08:06:51.095+0000] {base.py:84} INFO - Retrieving connection 'postgres_dwh'
[2025-12-08T08:06:51.108+0000] {sql.py:509} INFO - Running statement: 
                INSERT INTO dim_customers
                SELECT DISTINCT *
                FROM stg_customers
                ON CONFLICT (customer_id) DO NOTHING;
            , parameters: None
[2025-12-08T08:06:51.113+0000] {sql.py:518} INFO - Rows affected: 0
[2025-12-08T08:06:51.114+0000] {python.py:240} INFO - Done. Returned value was: None
[2025-12-08T08:06:51.134+0000] {taskinstance.py:340} INFO - ::group::Post task execution logs
[2025-12-08T08:06:51.135+0000] {taskinstance.py:352} INFO - Marking task as SUCCESS. dag_id=shopverse_daily_pipeline, task_id=warehouse.dim_customers, run_id=manual__2025-12-08T08:06:29.905722+00:00, execution_date=20251208T080629, start_date=20251208T080650, end_date=20251208T080651
[2025-12-08T08:06:51.158+0000] {logging_mixin.py:190} INFO - Task instance in success state
[2025-12-08T08:06:51.159+0000] {logging_mixin.py:190} INFO -  Previous state of the Task instance: running
[2025-12-08T08:06:51.160+0000] {logging_mixin.py:190} INFO - Dag name:shopverse_daily_pipeline queued_at:2025-12-08 08:06:29.980966+00:00
[2025-12-08T08:06:51.161+0000] {logging_mixin.py:190} INFO - Task hostname:d293371eaa08 operator:_PythonDecoratedOperator
[2025-12-08T08:06:51.178+0000] {local_task_job_runner.py:261} INFO - Task exited with return code 0
[2025-12-08T08:06:51.233+0000] {taskinstance.py:3891} INFO - 1 downstream tasks scheduled from follow-on schedule check
[2025-12-08T08:06:51.238+0000] {local_task_job_runner.py:240} INFO - ::endgroup::
