[2025-12-08T08:06:16.148+0000] {local_task_job_runner.py:123} INFO - ::group::Pre task execution logs
[2025-12-08T08:06:16.216+0000] {taskinstance.py:2603} INFO - Dependencies all met for dep_context=non-requeueable deps ti=<TaskInstance: shopverse_daily_pipeline.staging.load_products manual__2025-12-08T07:45:29.939128+00:00 [queued]>
[2025-12-08T08:06:16.248+0000] {taskinstance.py:2603} INFO - Dependencies all met for dep_context=requeueable deps ti=<TaskInstance: shopverse_daily_pipeline.staging.load_products manual__2025-12-08T07:45:29.939128+00:00 [queued]>
[2025-12-08T08:06:16.251+0000] {taskinstance.py:2856} INFO - Starting attempt 1 of 2
[2025-12-08T08:06:16.296+0000] {taskinstance.py:2879} INFO - Executing <Task(_PythonDecoratedOperator): staging.load_products> on 2025-12-08 07:45:29.939128+00:00
[2025-12-08T08:06:16.325+0000] {warnings.py:112} WARNING - /home/***/.local/lib/python3.12/site-packages/***/task/task_runner/standard_task_runner.py:70: DeprecationWarning: This process (pid=640) is multi-threaded, use of fork() may lead to deadlocks in the child.
  pid = os.fork()

[2025-12-08T08:06:16.330+0000] {standard_task_runner.py:72} INFO - Started process 642 to run task
[2025-12-08T08:06:16.334+0000] {standard_task_runner.py:104} INFO - Running: ['***', 'tasks', 'run', 'shopverse_daily_pipeline', 'staging.load_products', 'manual__2025-12-08T07:45:29.939128+00:00', '--job-id', '32', '--raw', '--subdir', 'DAGS_FOLDER/shopverse_daily_pipeline.py', '--cfg-path', '/tmp/tmpc8zopdgi']
[2025-12-08T08:06:16.338+0000] {standard_task_runner.py:105} INFO - Job 32: Subtask staging.load_products
[2025-12-08T08:06:16.551+0000] {task_command.py:467} INFO - Running <TaskInstance: shopverse_daily_pipeline.staging.load_products manual__2025-12-08T07:45:29.939128+00:00 [running]> on host d293371eaa08
[2025-12-08T08:06:16.879+0000] {taskinstance.py:3122} INFO - Exporting env vars: AIRFLOW_CTX_DAG_OWNER='Vivek' AIRFLOW_CTX_DAG_ID='shopverse_daily_pipeline' AIRFLOW_CTX_TASK_ID='staging.load_products' AIRFLOW_CTX_EXECUTION_DATE='2025-12-08T07:45:29.939128+00:00' AIRFLOW_CTX_TRY_NUMBER='1' AIRFLOW_CTX_DAG_RUN_ID='manual__2025-12-08T07:45:29.939128+00:00'
[2025-12-08T08:06:16.886+0000] {logging_mixin.py:190} INFO - Task instance is in running state
[2025-12-08T08:06:16.888+0000] {logging_mixin.py:190} INFO -  Previous state of the Task instance: queued
[2025-12-08T08:06:16.889+0000] {logging_mixin.py:190} INFO - Current task name:staging.load_products state:running start_date:2025-12-08 08:06:16.218960+00:00
[2025-12-08T08:06:16.893+0000] {logging_mixin.py:190} INFO - Dag name:shopverse_daily_pipeline and current dag run status:running
[2025-12-08T08:06:16.899+0000] {taskinstance.py:731} INFO - ::endgroup::
[2025-12-08T08:06:16.936+0000] {base.py:84} INFO - Retrieving connection 'postgres_dwh'
[2025-12-08T08:06:16.960+0000] {sql.py:509} INFO - Running statement: TRUNCATE TABLE stg_products;, parameters: None
[2025-12-08T08:06:16.985+0000] {postgres.py:191} INFO - Running copy expert: COPY stg_products FROM STDIN WITH CSV HEADER;, filename: /opt/***/data/landing/products/products.csv
[2025-12-08T08:06:17.064+0000] {base.py:84} INFO - Retrieving connection 'postgres_dwh'
[2025-12-08T08:06:17.097+0000] {python.py:240} INFO - Done. Returned value was: None
[2025-12-08T08:06:17.134+0000] {taskinstance.py:340} INFO - ::group::Post task execution logs
[2025-12-08T08:06:17.136+0000] {taskinstance.py:352} INFO - Marking task as SUCCESS. dag_id=shopverse_daily_pipeline, task_id=staging.load_products, run_id=manual__2025-12-08T07:45:29.939128+00:00, execution_date=20251208T074529, start_date=20251208T080616, end_date=20251208T080617
[2025-12-08T08:06:17.168+0000] {logging_mixin.py:190} INFO - Task instance in success state
[2025-12-08T08:06:17.169+0000] {logging_mixin.py:190} INFO -  Previous state of the Task instance: running
[2025-12-08T08:06:17.171+0000] {logging_mixin.py:190} INFO - Dag name:shopverse_daily_pipeline queued_at:2025-12-08 07:45:29.993968+00:00
[2025-12-08T08:06:17.172+0000] {logging_mixin.py:190} INFO - Task hostname:d293371eaa08 operator:_PythonDecoratedOperator
[2025-12-08T08:06:17.198+0000] {local_task_job_runner.py:261} INFO - Task exited with return code 0
[2025-12-08T08:06:17.291+0000] {taskinstance.py:3891} INFO - 1 downstream tasks scheduled from follow-on schedule check
[2025-12-08T08:06:17.299+0000] {local_task_job_runner.py:240} INFO - ::endgroup::
