[2025-12-08T07:45:35.557+0000] {local_task_job_runner.py:123} INFO - ::group::Pre task execution logs
[2025-12-08T07:45:35.599+0000] {taskinstance.py:2603} INFO - Dependencies all met for dep_context=non-requeueable deps ti=<TaskInstance: shopverse_daily_pipeline.wait_orders manual__2025-12-08T07:45:29.939128+00:00 [queued]>
[2025-12-08T07:45:35.620+0000] {taskinstance.py:2603} INFO - Dependencies all met for dep_context=requeueable deps ti=<TaskInstance: shopverse_daily_pipeline.wait_orders manual__2025-12-08T07:45:29.939128+00:00 [queued]>
[2025-12-08T07:45:35.622+0000] {taskinstance.py:2856} INFO - Starting attempt 1 of 2
[2025-12-08T07:45:35.649+0000] {taskinstance.py:2879} INFO - Executing <Task(FileSensor): wait_orders> on 2025-12-08 07:45:29.939128+00:00
[2025-12-08T07:45:35.663+0000] {warnings.py:112} WARNING - /home/***/.local/lib/python3.12/site-packages/***/task/task_runner/standard_task_runner.py:70: DeprecationWarning: This process (pid=346) is multi-threaded, use of fork() may lead to deadlocks in the child.
  pid = os.fork()

[2025-12-08T07:45:35.666+0000] {standard_task_runner.py:72} INFO - Started process 356 to run task
[2025-12-08T07:45:35.666+0000] {standard_task_runner.py:104} INFO - Running: ['***', 'tasks', 'run', 'shopverse_daily_pipeline', 'wait_orders', 'manual__2025-12-08T07:45:29.939128+00:00', '--job-id', '24', '--raw', '--subdir', 'DAGS_FOLDER/shopverse_daily_pipeline.py', '--cfg-path', '/tmp/tmpmktartcg']
[2025-12-08T07:45:35.669+0000] {standard_task_runner.py:105} INFO - Job 24: Subtask wait_orders
[2025-12-08T07:45:35.805+0000] {task_command.py:467} INFO - Running <TaskInstance: shopverse_daily_pipeline.wait_orders manual__2025-12-08T07:45:29.939128+00:00 [running]> on host d293371eaa08
[2025-12-08T07:45:36.002+0000] {taskinstance.py:3122} INFO - Exporting env vars: AIRFLOW_CTX_DAG_OWNER='Vivek' AIRFLOW_CTX_DAG_ID='shopverse_daily_pipeline' AIRFLOW_CTX_TASK_ID='wait_orders' AIRFLOW_CTX_EXECUTION_DATE='2025-12-08T07:45:29.939128+00:00' AIRFLOW_CTX_TRY_NUMBER='1' AIRFLOW_CTX_DAG_RUN_ID='manual__2025-12-08T07:45:29.939128+00:00'
[2025-12-08T07:45:36.006+0000] {logging_mixin.py:190} INFO - Task instance is in running state
[2025-12-08T07:45:36.007+0000] {logging_mixin.py:190} INFO -  Previous state of the Task instance: queued
[2025-12-08T07:45:36.009+0000] {logging_mixin.py:190} INFO - Current task name:wait_orders state:running start_date:2025-12-08 07:45:35.602954+00:00
[2025-12-08T07:45:36.010+0000] {logging_mixin.py:190} INFO - Dag name:shopverse_daily_pipeline and current dag run status:running
[2025-12-08T07:45:36.012+0000] {taskinstance.py:731} INFO - ::endgroup::
[2025-12-08T07:45:36.014+0000] {baseoperator.py:405} WARNING - FileSensor.execute cannot be called outside TaskInstance!
[2025-12-08T07:45:36.042+0000] {base.py:84} INFO - Retrieving connection 'fs_default'
[2025-12-08T07:45:36.045+0000] {filesystem.py:109} INFO - Poking for file /opt/***/data/landing/orders/orders.json
[2025-12-08T07:46:06.123+0000] {filesystem.py:109} INFO - Poking for file /opt/***/data/landing/orders/orders.json
[2025-12-08T07:46:36.206+0000] {filesystem.py:109} INFO - Poking for file /opt/***/data/landing/orders/orders.json
[2025-12-08T07:47:06.297+0000] {filesystem.py:109} INFO - Poking for file /opt/***/data/landing/orders/orders.json
[2025-12-08T07:47:36.386+0000] {filesystem.py:109} INFO - Poking for file /opt/***/data/landing/orders/orders.json
[2025-12-08T07:48:06.473+0000] {filesystem.py:109} INFO - Poking for file /opt/***/data/landing/orders/orders.json
[2025-12-08T07:48:36.564+0000] {filesystem.py:109} INFO - Poking for file /opt/***/data/landing/orders/orders.json
[2025-12-08T07:49:06.647+0000] {filesystem.py:109} INFO - Poking for file /opt/***/data/landing/orders/orders.json
[2025-12-08T07:49:36.728+0000] {filesystem.py:109} INFO - Poking for file /opt/***/data/landing/orders/orders.json
[2025-12-08T07:50:06.811+0000] {filesystem.py:109} INFO - Poking for file /opt/***/data/landing/orders/orders.json
[2025-12-08T07:50:36.890+0000] {filesystem.py:109} INFO - Poking for file /opt/***/data/landing/orders/orders.json
[2025-12-08T07:51:06.978+0000] {filesystem.py:109} INFO - Poking for file /opt/***/data/landing/orders/orders.json
[2025-12-08T07:51:37.066+0000] {filesystem.py:109} INFO - Poking for file /opt/***/data/landing/orders/orders.json
[2025-12-08T07:52:07.160+0000] {filesystem.py:109} INFO - Poking for file /opt/***/data/landing/orders/orders.json
[2025-12-08T07:52:37.239+0000] {filesystem.py:109} INFO - Poking for file /opt/***/data/landing/orders/orders.json
[2025-12-08T07:53:07.352+0000] {filesystem.py:109} INFO - Poking for file /opt/***/data/landing/orders/orders.json
[2025-12-08T07:53:37.450+0000] {filesystem.py:109} INFO - Poking for file /opt/***/data/landing/orders/orders.json
[2025-12-08T07:54:07.532+0000] {filesystem.py:109} INFO - Poking for file /opt/***/data/landing/orders/orders.json
[2025-12-08T07:54:37.623+0000] {filesystem.py:109} INFO - Poking for file /opt/***/data/landing/orders/orders.json
[2025-12-08T07:55:07.705+0000] {filesystem.py:109} INFO - Poking for file /opt/***/data/landing/orders/orders.json
[2025-12-08T07:55:37.791+0000] {filesystem.py:109} INFO - Poking for file /opt/***/data/landing/orders/orders.json
[2025-12-08T07:56:07.882+0000] {filesystem.py:109} INFO - Poking for file /opt/***/data/landing/orders/orders.json
[2025-12-08T07:56:37.969+0000] {filesystem.py:109} INFO - Poking for file /opt/***/data/landing/orders/orders.json
[2025-12-08T07:57:08.072+0000] {filesystem.py:109} INFO - Poking for file /opt/***/data/landing/orders/orders.json
[2025-12-08T07:57:38.163+0000] {filesystem.py:109} INFO - Poking for file /opt/***/data/landing/orders/orders.json
[2025-12-08T07:58:08.256+0000] {filesystem.py:109} INFO - Poking for file /opt/***/data/landing/orders/orders.json
[2025-12-08T07:58:38.343+0000] {filesystem.py:109} INFO - Poking for file /opt/***/data/landing/orders/orders.json
[2025-12-08T07:59:08.423+0000] {filesystem.py:109} INFO - Poking for file /opt/***/data/landing/orders/orders.json
[2025-12-08T07:59:38.526+0000] {filesystem.py:109} INFO - Poking for file /opt/***/data/landing/orders/orders.json
[2025-12-08T08:00:08.614+0000] {filesystem.py:109} INFO - Poking for file /opt/***/data/landing/orders/orders.json
[2025-12-08T08:00:38.704+0000] {filesystem.py:109} INFO - Poking for file /opt/***/data/landing/orders/orders.json
[2025-12-08T08:01:08.782+0000] {filesystem.py:109} INFO - Poking for file /opt/***/data/landing/orders/orders.json
[2025-12-08T08:01:38.883+0000] {filesystem.py:109} INFO - Poking for file /opt/***/data/landing/orders/orders.json
[2025-12-08T08:02:08.984+0000] {filesystem.py:109} INFO - Poking for file /opt/***/data/landing/orders/orders.json
[2025-12-08T08:02:39.075+0000] {filesystem.py:109} INFO - Poking for file /opt/***/data/landing/orders/orders.json
[2025-12-08T08:03:09.177+0000] {filesystem.py:109} INFO - Poking for file /opt/***/data/landing/orders/orders.json
[2025-12-08T08:03:39.274+0000] {filesystem.py:109} INFO - Poking for file /opt/***/data/landing/orders/orders.json
[2025-12-08T08:04:09.386+0000] {filesystem.py:109} INFO - Poking for file /opt/***/data/landing/orders/orders.json
[2025-12-08T08:04:39.485+0000] {filesystem.py:109} INFO - Poking for file /opt/***/data/landing/orders/orders.json
[2025-12-08T08:05:09.565+0000] {filesystem.py:109} INFO - Poking for file /opt/***/data/landing/orders/orders.json
[2025-12-08T08:05:39.649+0000] {filesystem.py:109} INFO - Poking for file /opt/***/data/landing/orders/orders.json
[2025-12-08T08:06:09.751+0000] {filesystem.py:109} INFO - Poking for file /opt/***/data/landing/orders/orders.json
[2025-12-08T08:06:09.769+0000] {filesystem.py:113} INFO - Found File /opt/***/data/landing/orders/orders.json last modified: 20251208080428
[2025-12-08T08:06:09.772+0000] {base.py:336} INFO - Success criteria met. Exiting.
[2025-12-08T08:06:09.774+0000] {filesystem.py:109} INFO - Poking for file /opt/***/data/landing/orders/orders.json
[2025-12-08T08:06:09.792+0000] {filesystem.py:113} INFO - Found File /opt/***/data/landing/orders/orders.json last modified: 20251208080428
[2025-12-08T08:06:09.812+0000] {taskinstance.py:340} INFO - ::group::Post task execution logs
[2025-12-08T08:06:09.813+0000] {taskinstance.py:352} INFO - Marking task as SUCCESS. dag_id=shopverse_daily_pipeline, task_id=wait_orders, run_id=manual__2025-12-08T07:45:29.939128+00:00, execution_date=20251208T074529, start_date=20251208T074535, end_date=20251208T080609
[2025-12-08T08:06:09.828+0000] {logging_mixin.py:190} INFO - Task instance in success state
[2025-12-08T08:06:09.830+0000] {logging_mixin.py:190} INFO -  Previous state of the Task instance: running
[2025-12-08T08:06:09.832+0000] {logging_mixin.py:190} INFO - Dag name:shopverse_daily_pipeline queued_at:2025-12-08 07:45:29.993968+00:00
[2025-12-08T08:06:09.834+0000] {logging_mixin.py:190} INFO - Task hostname:d293371eaa08 operator:FileSensor
[2025-12-08T08:06:09.857+0000] {local_task_job_runner.py:261} INFO - Task exited with return code 0
[2025-12-08T08:06:09.901+0000] {taskinstance.py:3891} INFO - 1 downstream tasks scheduled from follow-on schedule check
[2025-12-08T08:06:09.905+0000] {local_task_job_runner.py:240} INFO - ::endgroup::
